Component: ARM Compiler 5.06 update 6 (build 750) Tool: armlink [4d35ed]

==============================================================================

Section Cross References

    startup_stm32f103xe.o(RESET) refers to startup_stm32f103xe.o(STACK) for __initial_sp
    startup_stm32f103xe.o(RESET) refers to startup_stm32f103xe.o(.text) for Reset_Handler
    startup_stm32f103xe.o(RESET) refers to stm32f1xx_it.o(i.NMI_Handler) for NMI_Handler
    startup_stm32f103xe.o(RESET) refers to stm32f1xx_it.o(i.HardFault_Handler) for HardFault_Handler
    startup_stm32f103xe.o(RESET) refers to stm32f1xx_it.o(i.MemManage_Handler) for MemManage_Handler
    startup_stm32f103xe.o(RESET) refers to stm32f1xx_it.o(i.BusFault_Handler) for BusFault_Handler
    startup_stm32f103xe.o(RESET) refers to stm32f1xx_it.o(i.UsageFault_Handler) for UsageFault_Handler
    startup_stm32f103xe.o(RESET) refers to stm32f1xx_it.o(i.DebugMon_Handler) for DebugMon_Handler
    startup_stm32f103xe.o(RESET) refers to stm32f1xx_it.o(i.SysTick_Handler) for SysTick_Handler
    startup_stm32f103xe.o(RESET) refers to stm32f1xx_it.o(i.TIM2_IRQHandler) for TIM2_IRQHandler
    startup_stm32f103xe.o(RESET) refers to stm32f1xx_it.o(i.USART3_IRQHandler) for USART3_IRQHandler
    startup_stm32f103xe.o(.text) refers to system_stm32f1xx.o(i.SystemInit) for SystemInit
    startup_stm32f103xe.o(.text) refers to entry.o(.ARM.Collect$$$$00000000) for __main
    system_stm32f1xx.o(i.SystemCoreClockUpdate) refers to system_stm32f1xx.o(.data) for .data
    system_stm32f1xx.o(i.SystemCoreClockUpdate) refers to system_stm32f1xx.o(.constdata) for .constdata
    stm32f1xx_hal_tim.o(i.HAL_TIM_Base_DeInit) refers to stm32f1xx_assert.o(i.assert_failed) for assert_failed
    stm32f1xx_hal_tim.o(i.HAL_TIM_Base_DeInit) refers to bsp_generaltim.o(i.HAL_TIM_Base_MspDeInit) for HAL_TIM_Base_MspDeInit
    stm32f1xx_hal_tim.o(i.HAL_TIM_Base_Init) refers to stm32f1xx_assert.o(i.assert_failed) for assert_failed
    stm32f1xx_hal_tim.o(i.HAL_TIM_Base_Init) refers to bsp_generaltim.o(i.HAL_TIM_Base_MspInit) for HAL_TIM_Base_MspInit
    stm32f1xx_hal_tim.o(i.HAL_TIM_Base_Init) refers to stm32f1xx_hal_tim.o(i.TIM_Base_SetConfig) for TIM_Base_SetConfig
    stm32f1xx_hal_tim.o(i.HAL_TIM_Base_Start) refers to stm32f1xx_assert.o(i.assert_failed) for assert_failed
    stm32f1xx_hal_tim.o(i.HAL_TIM_Base_Start_DMA) refers to stm32f1xx_assert.o(i.assert_failed) for assert_failed
    stm32f1xx_hal_tim.o(i.HAL_TIM_Base_Start_DMA) refers to stm32f1xx_hal_dma.o(i.HAL_DMA_Start_IT) for HAL_DMA_Start_IT
    stm32f1xx_hal_tim.o(i.HAL_TIM_Base_Start_DMA) refers to stm32f1xx_hal_tim.o(i.TIM_DMAPeriodElapsedCplt) for TIM_DMAPeriodElapsedCplt
    stm32f1xx_hal_tim.o(i.HAL_TIM_Base_Start_DMA) refers to stm32f1xx_hal_tim.o(i.TIM_DMAError) for TIM_DMAError
    stm32f1xx_hal_tim.o(i.HAL_TIM_Base_Start_IT) refers to stm32f1xx_assert.o(i.assert_failed) for assert_failed
    stm32f1xx_hal_tim.o(i.HAL_TIM_Base_Stop) refers to stm32f1xx_assert.o(i.assert_failed) for assert_failed
    stm32f1xx_hal_tim.o(i.HAL_TIM_Base_Stop_DMA) refers to stm32f1xx_assert.o(i.assert_failed) for assert_failed
    stm32f1xx_hal_tim.o(i.HAL_TIM_Base_Stop_IT) refers to stm32f1xx_assert.o(i.assert_failed) for assert_failed
    stm32f1xx_hal_tim.o(i.HAL_TIM_ConfigClockSource) refers to stm32f1xx_assert.o(i.assert_failed) for assert_failed
    stm32f1xx_hal_tim.o(i.HAL_TIM_ConfigClockSource) refers to stm32f1xx_hal_tim.o(i.TIM_ETR_SetConfig) for TIM_ETR_SetConfig
    stm32f1xx_hal_tim.o(i.HAL_TIM_ConfigClockSource) refers to stm32f1xx_hal_tim.o(i.TIM_TI1_ConfigInputStage) for TIM_TI1_ConfigInputStage
    stm32f1xx_hal_tim.o(i.HAL_TIM_ConfigClockSource) refers to stm32f1xx_hal_tim.o(i.TIM_ITRx_SetConfig) for TIM_ITRx_SetConfig
    stm32f1xx_hal_tim.o(i.HAL_TIM_ConfigClockSource) refers to stm32f1xx_hal_tim.o(i.TIM_TI2_ConfigInputStage) for TIM_TI2_ConfigInputStage
    stm32f1xx_hal_tim.o(i.HAL_TIM_ConfigOCrefClear) refers to stm32f1xx_assert.o(i.assert_failed) for assert_failed
    stm32f1xx_hal_tim.o(i.HAL_TIM_ConfigOCrefClear) refers to stm32f1xx_hal_tim.o(i.TIM_ETR_SetConfig) for TIM_ETR_SetConfig
    stm32f1xx_hal_tim.o(i.HAL_TIM_ConfigTI1Input) refers to stm32f1xx_assert.o(i.assert_failed) for assert_failed
    stm32f1xx_hal_tim.o(i.HAL_TIM_DMABurst_ReadStart) refers to stm32f1xx_assert.o(i.assert_failed) for assert_failed
    stm32f1xx_hal_tim.o(i.HAL_TIM_DMABurst_ReadStart) refers to stm32f1xx_hal_dma.o(i.HAL_DMA_Start_IT) for HAL_DMA_Start_IT
    stm32f1xx_hal_tim.o(i.HAL_TIM_DMABurst_ReadStart) refers to stm32f1xx_hal_tim.o(i.TIM_DMAError) for TIM_DMAError
    stm32f1xx_hal_tim.o(i.HAL_TIM_DMABurst_ReadStart) refers to stm32f1xx_hal_tim.o(i.TIM_DMACaptureCplt) for TIM_DMACaptureCplt
    stm32f1xx_hal_tim.o(i.HAL_TIM_DMABurst_ReadStart) refers to stm32f1xx_hal_tim.o(i.TIM_DMAPeriodElapsedCplt) for TIM_DMAPeriodElapsedCplt
[...]
    Removing mbcrc.o(.rrx_text), (6 bytes).
    Removing mbrtu.o(.rev16_text), (4 bytes).
    Removing mbrtu.o(.revsh_text), (4 bytes).
    Removing mbrtu.o(.rrx_text), (6 bytes).
    Removing mbtcp.o(.rev16_text), (4 bytes).
    Removing mbtcp.o(.revsh_text), (4 bytes).
    Removing mbtcp.o(.rrx_text), (6 bytes).
    Removing mb.o(.rev16_text), (4 bytes).
    Removing mb.o(.revsh_text), (4 bytes).
    Removing mb.o(.rrx_text), (6 bytes).
    Removing mb.o(i.eMBClose), (32 bytes).
    Removing mb.o(i.eMBDisable), (40 bytes).
    Removing mb.o(i.eMBRegisterCB), (112 bytes).
    Removing mb.o(.data), (4 bytes).
    Removing mb.o(.data), (4 bytes).
    Removing dadd.o(.text), (334 bytes).
    Removing dmul.o(.text), (228 bytes).
    Removing ddiv.o(.text), (222 bytes).
    Removing dfixul.o(.text), (48 bytes).
    Removing cdrcmple.o(.text), (48 bytes).
    Removing depilogue.o(.text), (186 bytes).

1056 unused section(s) (total 113173 bytes) removed from the image.

==============================================================================

Image Symbol Table

    Local Symbols

    Symbol Name                              Value     Ov Type        Size  Object(Section)

    ../Drivers/CMSIS/Device/ST/STM32F1xx/Source/Templates/system_stm32f1xx.c 0x00000000   Number         0  system_stm32f1xx.o ABSOLUTE
    ../Drivers/STM32F1xx_HAL_Driver/Src/stm32f1xx_hal.c 0x00000000   Number         0  stm32f1xx_hal.o ABSOLUTE
    ../Drivers/STM32F1xx_HAL_Driver/Src/stm32f1xx_hal_cortex.c 0x00000000   Number         0  stm32f1xx_hal_cortex.o ABSOLUTE
    ../Drivers/STM32F1xx_HAL_Driver/Src/stm32f1xx_hal_dma.c 0x00000000   Number         0  stm32f1xx_hal_dma.o ABSOLUTE
    ../Drivers/STM32F1xx_HAL_Driver/Src/stm32f1xx_hal_flash.c 0x00000000   Number         0  stm32f1xx_hal_flash.o ABSOLUTE
    ../Drivers/STM32F1xx_HAL_Driver/Src/stm32f1xx_hal_flash_ex.c 0x00000000   Number         0  stm32f1xx_hal_flash_ex.o ABSOLUTE
    ../Drivers/STM32F1xx_HAL_Driver/Src/stm32f1xx_hal_gpio.c 0x00000000   Number         0  stm32f1xx_hal_gpio.o ABSOLUTE
    ../Drivers/STM32F1xx_HAL_Driver/Src/stm32f1xx_hal_pwr.c 0x00000000   Number         0  stm32f1xx_hal_pwr.o ABSOLUTE
    ../Drivers/STM32F1xx_HAL_Driver/Src/stm32f1xx_hal_rcc.c 0x00000000   Number         0  stm32f1xx_hal_rcc.o ABSOLUTE
    ../Drivers/STM32F1xx_HAL_Driver/Src/stm32f1xx_hal_rcc_ex.c 0x00000000   Number         0  stm32f1xx_hal_rcc_ex.o ABSOLUTE
    ../Drivers/STM32F1xx_HAL_Driver/Src/stm32f1xx_hal_tim.c 0x00000000   Number         0  stm32f1xx_hal_tim.o ABSOLUTE
    ../Drivers/STM32F1xx_HAL_Driver/Src/stm32f1xx_hal_tim_ex.c 0x00000000   Number         0  stm32f1xx_hal_tim_ex.o ABSOLUTE
    ../Src/main.c                            0x00000000   Number         0  main.o ABSOLUTE
    ../Src/stm32f1xx_hal_msp.c               0x00000000   Number         0  stm32f1xx_hal_msp.o ABSOLUTE
    ../Src/stm32f1xx_it.c                    0x00000000   Number         0  stm32f1xx_it.o ABSOLUTE
    ../clib/microlib/division.c              0x00000000   Number         0  uidiv.o ABSOLUTE
    ../clib/microlib/division.c              0x00000000   Number         0  uldiv.o ABSOLUTE
    ../clib/microlib/init/entry.s            0x00000000   Number         0  entry.o ABSOLUTE
    ../clib/microlib/init/entry.s            0x00000000   Number         0  entry2.o ABSOLUTE
    ../clib/microlib/init/entry.s            0x00000000   Number         0  entry5.o ABSOLUTE
    ../clib/microlib/init/entry.s            0x00000000   Number         0  entry7b.o ABSOLUTE
    ../clib/microlib/init/entry.s            0x00000000   Number         0  entry8a.o ABSOLUTE
    ../clib/microlib/init/entry.s            0x00000000   Number         0  entry8b.o ABSOLUTE
    ../clib/microlib/init/entry.s            0x00000000   Number         0  entry9b.o ABSOLUTE
    ../clib/microlib/init/entry.s            0x00000000   Number         0  entry10a.o ABSOLUTE
    ../clib/microlib/init/entry.s            0x00000000   Number         0  entry7a.o ABSOLUTE
    ../clib/microlib/init/entry.s            0x00000000   Number         0  entry11b.o ABSOLUTE
    ../clib/microlib/init/entry.s            0x00000000   Number         0  entry10b.o ABSOLUTE
    ../clib/microlib/init/entry.s            0x00000000   Number         0  entry9a.o ABSOLUTE
    ../clib/microlib/init/entry.s            0x00000000   Number         0  entry11a.o ABSOLUTE
    ../clib/microlib/longlong.c              0x00000000   Number         0  llushr.o ABSOLUTE
    ../clib/microlib/longlong.c              0x00000000   Number         0  llsshr.o ABSOLUTE
    ../clib/microlib/longlong.c              0x00000000   Number         0  llshl.o ABSOLUTE
    ../clib/microlib/printf/printf.c         0x00000000   Number         0  printf0.o ABSOLUTE
    ../clib/microlib/printf/printf.c         0x00000000   Number         0  printfb.o ABSOLUTE
    ../clib/microlib/printf/printf.c         0x00000000   Number         0  printf2.o ABSOLUTE
    ../clib/microlib/printf/printf.c         0x00000000   Number         0  printfa.o ABSOLUTE
    ../clib/microlib/printf/printf.c         0x00000000   Number         0  printf8.o ABSOLUTE
    ../clib/microlib/printf/printf.c         0x00000000   Number         0  printf7.o ABSOLUTE
    ../clib/microlib/printf/printf.c         0x00000000   Number         0  printf6.o ABSOLUTE
    ../clib/microlib/printf/printf.c         0x00000000   Number         0  printf5.o ABSOLUTE
    ../clib/microlib/printf/printf.c         0x00000000   Number         0  printf4.o ABSOLUTE
    ../clib/microlib/printf/printf.c         0x00000000   Number         0  printf3.o ABSOLUTE
    ../clib/microlib/printf/printf.c         0x00000000   Number         0  printf1.o ABSOLUTE
    ../clib/microlib/printf/stubs.s          0x00000000   Number         0  stubs.o ABSOLUTE
    ../clib/microlib/stdio/streams.c         0x00000000   Number         0  stdout.o ABSOLUTE
    ../clib/microlib/string/memcpy.c         0x00000000   Number         0  memcpyb.o ABSOLUTE
    ../clib/microlib/string/memcpy.c         0x00000000   Number         0  memcpya.o ABSOLUTE
    ../clib/microlib/string/memset.c         0x00000000   Number         0  memseta.o ABSOLUTE
    ../clib/microlib/stubs.s                 0x00000000   Number         0  iusefp.o ABSOLUTE
    ../fplib/microlib/fpadd.c                0x00000000   Number         0  dadd.o ABSOLUTE
    ../fplib/microlib/fpdiv.c                0x00000000   Number         0  ddiv.o ABSOLUTE
    ../fplib/microlib/fpepilogue.c           0x00000000   Number         0  depilogue.o ABSOLUTE
    ../fplib/microlib/fpfix.c                0x00000000   Number         0  dfixul.o ABSOLUTE
    ../fplib/microlib/fpmul.c                0x00000000   Number         0  dmul.o ABSOLUTE
    ..\Drivers\CMSIS\Device\ST\STM32F1xx\Source\Templates\system_stm32f1xx.c 0x00000000   Number         0  system_stm32f1xx.o ABSOLUTE
    ..\Drivers\STM32F1xx_HAL_Driver\Src\stm32f1xx_hal.c 0x00000000   Number         0  stm32f1xx_hal.o ABSOLUTE
    ..\Drivers\STM32F1xx_HAL_Driver\Src\stm32f1xx_hal_adc.c 0x00000000   Number         0  stm32f1xx_hal_adc.o ABSOLUTE
    ..\Drivers\STM32F1xx_HAL_Driver\Src\stm32f1xx_hal_adc_ex.c 0x00000000   Number         0  stm32f1xx_hal_adc_ex.o ABSOLUTE
    ..\Drivers\STM32F1xx_HAL_Driver\Src\stm32f1xx_hal_can.c 0x00000000   Number         0  stm32f1xx_hal_can.o ABSOLUTE
    ..\Drivers\STM32F1xx_HAL_Driver\Src\stm32f1xx_hal_cec.c 0x00000000   Number         0  stm32f1xx_hal_cec.o ABSOLUTE
    ..\Drivers\STM32F1xx_HAL_Driver\Src\stm32f1xx_hal_cortex.c 0x00000000   Number         0  stm32f1xx_hal_cortex.o ABSOLUTE
    ..\Drivers\STM32F1xx_HAL_Driver\Src\stm32f1xx_hal_crc.c 0x00000000   Number         0  stm32f1xx_hal_crc.o ABSOLUTE
    ..\Drivers\STM32F1xx_HAL_Driver\Src\stm32f1xx_hal_dac.c 0x00000000   Number         0  stm32f1xx_hal_dac.o ABSOLUTE
    ..\Drivers\STM32F1xx_HAL_Driver\Src\stm32f1xx_hal_dac_ex.c 0x00000000   Number         0  stm32f1xx_hal_dac_ex.o ABSOLUTE
    ..\Drivers\STM32F1xx_HAL_Driver\Src\stm32f1xx_hal_dma.c 0x00000000   Number         0  stm32f1xx_hal_dma.o ABSOLUTE
    ..\Drivers\STM32F1xx_HAL_Driver\Src\stm32f1xx_hal_eth.c 0x00000000   Number         0  stm32f1xx_hal_eth.o ABSOLUTE
    ..\Drivers\STM32F1xx_HAL_Driver\Src\stm32f1xx_hal_flash.c 0x00000000   Number         0  stm32f1xx_hal_flash.o ABSOLUTE
    ..\Drivers\STM32F1xx_HAL_Driver\Src\stm32f1xx_hal_flash_ex.c 0x00000000   Number         0  stm32f1xx_hal_flash_ex.o ABSOLUTE
    ..\Drivers\STM32F1xx_HAL_Driver\Src\stm32f1xx_hal_gpio.c 0x00000000   Number         0  stm32f1xx_hal_gpio.o ABSOLUTE
    ..\Drivers\STM32F1xx_HAL_Driver\Src\stm32f1xx_hal_gpio_ex.c 0x00000000   Number         0  stm32f1xx_hal_gpio_ex.o ABSOLUTE
    ..\Drivers\STM32F1xx_HAL_Driver\Src\stm32f1xx_hal_hcd.c 0x00000000   Number         0  stm32f1xx_hal_hcd.o ABSOLUTE
    ..\Drivers\STM32F1xx_HAL_Driver\Src\stm32f1xx_hal_i2c.c 0x00000000   Number         0  stm32f1xx_hal_i2c.o ABSOLUTE
    ..\Drivers\STM32F1xx_HAL_Driver\Src\stm32f1xx_hal_i2s.c 0x00000000   Number         0  stm32f1xx_hal_i2s.o ABSOLUTE
    ..\Drivers\STM32F1xx_HAL_Driver\Src\stm32f1xx_hal_irda.c 0x00000000   Number         0  stm32f1xx_hal_irda.o ABSOLUTE
    ..\Drivers\STM32F1xx_HAL_Driver\Src\stm32f1xx_hal_iwdg.c 0x00000000   Number         0  stm32f1xx_hal_iwdg.o ABSOLUTE
    ..\Drivers\STM32F1xx_HAL_Driver\Src\stm32f1xx_hal_nand.c 0x00000000   Number         0  stm32f1xx_hal_nand.o ABSOLUTE
    ..\Drivers\STM32F1xx_HAL_Driver\Src\stm32f1xx_hal_nor.c 0x00000000   Number         0  stm32f1xx_hal_nor.o ABSOLUTE
    ..\Drivers\STM32F1xx_HAL_Driver\Src\stm32f1xx_hal_pccard.c 0x00000000   Number         0  stm32f1xx_hal_pccard.o ABSOLUTE
    ..\Drivers\STM32F1xx_HAL_Driver\Src\stm32f1xx_hal_pcd.c 0x00000000   Number         0  stm32f1xx_hal_pcd.o ABSOLUTE
    ..\Drivers\STM32F1xx_HAL_Driver\Src\stm32f1xx_hal_pcd_ex.c 0x00000000   Number         0  stm32f1xx_hal_pcd_ex.o ABSOLUTE
    ..\Drivers\STM32F1xx_HAL_Driver\Src\stm32f1xx_hal_pwr.c 0x00000000   Number         0  stm32f1xx_hal_pwr.o ABSOLUTE
    ..\Drivers\STM32F1xx_HAL_Driver\Src\stm32f1xx_hal_rcc.c 0x00000000   Number         0  stm32f1xx_hal_rcc.o ABSOLUTE
    ..\Drivers\STM32F1xx_HAL_Driver\Src\stm32f1xx_hal_rcc_ex.c 0x00000000   Number         0  stm32f1xx_hal_rcc_ex.o ABSOLUTE
    ..\Drivers\STM32F1xx_HAL_Driver\Src\stm32f1xx_hal_rtc.c 0x00000000   Number         0  stm32f1xx_hal_rtc.o ABSOLUTE
    ..\Drivers\STM32F1xx_HAL_Driver\Src\stm32f1xx_hal_rtc_ex.c 0x00000000   Number         0  stm32f1xx_hal_rtc_ex.o ABSOLUTE
    ..\Drivers\STM32F1xx_HAL_Driver\Src\stm32f1xx_hal_sd.c 0x00000000   Number         0  stm32f1xx_hal_sd.o ABSOLUTE
    ..\Drivers\STM32F1xx_HAL_Driver\Src\stm32f1xx_hal_smartcard.c 0x00000000   Number         0  stm32f1xx_hal_smartcard.o ABSOLUTE
    ..\Drivers\STM32F1xx_HAL_Driver\Src\stm32f1xx_hal_spi.c 0x00000000   Number         0  stm32f1xx_hal_spi.o ABSOLUTE
    ..\Drivers\STM32F1xx_HAL_Driver\Src\stm32f1xx_hal_spi_ex.c 0x00000000   Number         0  stm32f1xx_hal_spi_ex.o ABSOLUTE
    ..\Drivers\STM32F1xx_HAL_Driver\Src\stm32f1xx_hal_sram.c 0x00000000   Number         0  stm32f1xx_hal_sram.o ABSOLUTE
    ..\Drivers\STM32F1xx_HAL_Driver\Src\stm32f1xx_hal_tim.c 0x00000000   Number         0  stm32f1xx_hal_tim.o ABSOLUTE
    ..\Drivers\STM32F1xx_HAL_Driver\Src\stm32f1xx_hal_tim_ex.c 0x00000000   Number         0  stm32f1xx_hal_tim_ex.o ABSOLUTE
    ..\Drivers\STM32F1xx_HAL_Driver\Src\stm32f1xx_hal_uart.c 0x00000000   Number         0  stm32f1xx_hal_uart.o ABSOLUTE
    ..\Drivers\STM32F1xx_HAL_Driver\Src\stm32f1xx_hal_usart.c 0x00000000   Number         0  stm32f1xx_hal_usart.o ABSOLUTE
    ..\Drivers\STM32F1xx_HAL_Driver\Src\stm32f1xx_hal_wwdg.c 0x00000000   Number         0  stm32f1xx_hal_wwdg.o ABSOLUTE
    ..\Drivers\STM32F1xx_HAL_Driver\Src\stm32f1xx_ll_fsmc.c 0x00000000   Number         0  stm32f1xx_ll_fsmc.o ABSOLUTE
    ..\Drivers\STM32F1xx_HAL_Driver\Src\stm32f1xx_ll_sdmmc.c 0x00000000   Number         0  stm32f1xx_ll_sdmmc.o ABSOLUTE
    ..\Drivers\STM32F1xx_HAL_Driver\Src\stm32f1xx_ll_usb.c 0x00000000   Number         0  stm32f1xx_ll_usb.o ABSOLUTE
    ..\Middlewares\modbus\ascii\mbascii.c    0x00000000   Number         0  mbascii.o ABSOLUTE
    ..\Middlewares\modbus\functions\mbfunccoils.c 0x00000000   Number         0  mbfunccoils.o ABSOLUTE
    ..\Middlewares\modbus\functions\mbfuncdisc.c 0x00000000   Number         0  mbfuncdisc.o ABSOLUTE
    ..\Middlewares\modbus\functions\mbfuncholding.c 0x00000000   Number         0  mbfuncholding.o ABSOLUTE
    ..\Middlewares\modbus\functions\mbfuncinput.c 0x00000000   Number         0  mbfuncinput.o ABSOLUTE
    ..\Middlewares\modbus\functions\mbfuncother.c 0x00000000   Number         0  mbfuncother.o ABSOLUTE
    ..\Middlewares\modbus\functions\mbutils.c 0x00000000   Number         0  mbutils.o ABSOLUTE
    ..\Middlewares\modbus\mb.c               0x00000000   Number         0  mb.o ABSOLUTE
    ..\Middlewares\modbus\rtu\mbcrc.c        0x00000000   Number         0  mbcrc.o ABSOLUTE
    ..\Middlewares\modbus\rtu\mbrtu.c        0x00000000   Number         0  mbrtu.o ABSOLUTE
    ..\Middlewares\modbus\tcp\mbtcp.c        0x00000000   Number         0  mbtcp.o ABSOLUTE
    ..\Src\bsp\GeneralTIM\bsp_GeneralTIM.c   0x00000000   Number         0  bsp_generaltim.o ABSOLUTE
    ..\Src\bsp\RS485\bsp_usartx_RS485.c      0x00000000   Number         0  bsp_usartx_rs485.o ABSOLUTE
    ..\Src\bsp\usart\bsp_debug_usart.c       0x00000000   Number         0  bsp_debug_usart.o ABSOLUTE
    ..\Src\freemodbus\portevent.c            0x00000000   Number         0  portevent.o ABSOLUTE
    ..\Src\freemodbus\portserial.c           0x00000000   Number         0  portserial.o ABSOLUTE
    ..\Src\freemodbus\porttimer.c            0x00000000   Number         0  porttimer.o ABSOLUTE
    ..\Src\main.c                            0x00000000   Number         0  main.o ABSOLUTE
    ..\Src\stm32f1xx_assert.c                0x00000000   Number         0  stm32f1xx_assert.o ABSOLUTE
    ..\Src\stm32f1xx_hal_msp.c               0x00000000   Number         0  stm32f1xx_hal_msp.o ABSOLUTE
    ..\Src\stm32f1xx_it.c                    0x00000000   Number         0  stm32f1xx_it.o ABSOLUTE
    ..\\Drivers\\STM32F1xx_HAL_Driver\\Src\\stm32f1xx_hal_adc.c 0x00000000   Number         0  stm32f1xx_hal_adc.o ABSOLUTE
    ..\\Drivers\\STM32F1xx_HAL_Driver\\Src\\stm32f1xx_hal_adc_ex.c 0x00000000   Number         0  stm32f1xx_hal_adc_ex.o ABSOLUTE
    ..\\Drivers\\STM32F1xx_HAL_Driver\\Src\\stm32f1xx_hal_can.c 0x00000000   Number         0  stm32f1xx_hal_can.o ABSOLUTE
    ..\\Drivers\\STM32F1xx_HAL_Driver\\Src\\stm32f1xx_hal_cec.c 0x00000000   Number         0  stm32f1xx_hal_cec.o ABSOLUTE
    ..\\Drivers\\STM32F1xx_HAL_Driver\\Src\\stm32f1xx_hal_crc.c 0x00000000   Number         0  stm32f1xx_hal_crc.o ABSOLUTE
    ..\\Drivers\\STM32F1xx_HAL_Driver\\Src\\stm32f1xx_hal_dac.c 0x00000000   Number         0  stm32f1xx_hal_dac.o ABSOLUTE
    ..\\Drivers\\STM32F1xx_HAL_Driver\\Src\\stm32f1xx_hal_dac_ex.c 0x00000000   Number         0  stm32f1xx_hal_dac_ex.o ABSOLUTE
    ..\\Drivers\\STM32F1xx_HAL_Driver\\Src\\stm32f1xx_hal_eth.c 0x00000000   Number         0  stm32f1xx_hal_eth.o ABSOLUTE
    ..\\Drivers\\STM32F1xx_HAL_Driver\\Src\\stm32f1xx_hal_gpio_ex.c 0x00000000   Number         0  stm32f1xx_hal_gpio_ex.o ABSOLUTE
    ..\\Drivers\\STM32F1xx_HAL_Driver\\Src\\stm32f1xx_hal_hcd.c 0x00000000   Number         0  stm32f1xx_hal_hcd.o ABSOLUTE
    ..\\Drivers\\STM32F1xx_HAL_Driver\\Src\\stm32f1xx_hal_i2c.c 0x00000000   Number         0  stm32f1xx_hal_i2c.o ABSOLUTE
    ..\\Drivers\\STM32F1xx_HAL_Driver\\Src\\stm32f1xx_hal_i2s.c 0x00000000   Number         0  stm32f1xx_hal_i2s.o ABSOLUTE
    ..\\Drivers\\STM32F1xx_HAL_Driver\\Src\\stm32f1xx_hal_irda.c 0x00000000   Number         0  stm32f1xx_hal_irda.o ABSOLUTE
    ..\\Drivers\\STM32F1xx_HAL_Driver\\Src\\stm32f1xx_hal_iwdg.c 0x00000000   Number         0  stm32f1xx_hal_iwdg.o ABSOLUTE
    ..\\Drivers\\STM32F1xx_HAL_Driver\\Src\\stm32f1xx_hal_nand.c 0x00000000   Number         0  stm32f1xx_hal_nand.o ABSOLUTE
    ..\\Drivers\\STM32F1xx_HAL_Driver\\Src\\stm32f1xx_hal_nor.c 0x00000000   Number         0  stm32f1xx_hal_nor.o ABSOLUTE
    ..\\Drivers\\STM32F1xx_HAL_Driver\\Src\\stm32f1xx_hal_pccard.c 0x00000000   Number         0  stm32f1xx_hal_pccard.o ABSOLUTE
    ..\\Drivers\\STM32F1xx_HAL_Driver\\Src\\stm32f1xx_hal_pcd.c 0x00000000   Number         0  stm32f1xx_hal_pcd.o ABSOLUTE
    ..\\Drivers\\STM32F1xx_HAL_Driver\\Src\\stm32f1xx_hal_pcd_ex.c 0x00000000   Number         0  stm32f1xx_hal_pcd_ex.o ABSOLUTE
    ..\\Drivers\\STM32F1xx_HAL_Driver\\Src\\stm32f1xx_hal_rtc.c 0x00000000   Number         0  stm32f1xx_hal_rtc.o ABSOLUTE
    ..\\Drivers\\STM32F1xx_HAL_Driver\\Src\\stm32f1xx_hal_rtc_ex.c 0x00000000   Number         0  stm32f1xx_hal_rtc_ex.o ABSOLUTE
    ..\\Drivers\\STM32F1xx_HAL_Driver\\Src\\stm32f1xx_hal_sd.c 0x00000000   Number         0  stm32f1xx_hal_sd.o ABSOLUTE
    ..\\Drivers\\STM32F1xx_HAL_Driver\\Src\\stm32f1xx_hal_smartcard.c 0x00000000   Number         0  stm32f1xx_hal_smartcard.o ABSOLUTE
    ..\\Drivers\\STM32F1xx_HAL_Driver\\Src\\stm32f1xx_hal_spi.c 0x00000000   Number         0  stm32f1xx_hal_spi.o ABSOLUTE
    ..\\Drivers\\STM32F1xx_HAL_Driver\\Src\\stm32f1xx_hal_spi_ex.c 0x00000000   Number         0  stm32f1xx_hal_spi_ex.o ABSOLUTE
    ..\\Drivers\\STM32F1xx_HAL_Driver\\Src\\stm32f1xx_hal_sram.c 0x00000000   Number         0  stm32f1xx_hal_sram.o ABSOLUTE
    ..\\Drivers\\STM32F1xx_HAL_Driver\\Src\\stm32f1xx_hal_uart.c 0x00000000   Number         0  stm32f1xx_hal_uart.o ABSOLUTE
    ..\\Drivers\\STM32F1xx_HAL_Driver\\Src\\stm32f1xx_hal_usart.c 0x00000000   Number         0  stm32f1xx_hal_usart.o ABSOLUTE
    ..\\Drivers\\STM32F1xx_HAL_Driver\\Src\\stm32f1xx_hal_wwdg.c 0x00000000   Number         0  stm32f1xx_hal_wwdg.o ABSOLUTE
    ..\\Drivers\\STM32F1xx_HAL_Driver\\Src\\stm32f1xx_ll_fsmc.c 0x00000000   Number         0  stm32f1xx_ll_fsmc.o ABSOLUTE
    ..\\Drivers\\STM32F1xx_HAL_Driver\\Src\\stm32f1xx_ll_sdmmc.c 0x00000000   Number         0  stm32f1xx_ll_sdmmc.o ABSOLUTE
    ..\\Drivers\\STM32F1xx_HAL_Driver\\Src\\stm32f1xx_ll_usb.c 0x00000000   Number         0  stm32f1xx_ll_usb.o ABSOLUTE
    ..\\Middlewares\\modbus\\ascii\\mbascii.c 0x00000000   Number         0  mbascii.o ABSOLUTE
    ..\\Middlewares\\modbus\\functions\\mbfunccoils.c 0x00000000   Number         0  mbfunccoils.o ABSOLUTE
    ..\\Middlewares\\modbus\\functions\\mbfuncdisc.c 0x00000000   Number         0  mbfuncdisc.o ABSOLUTE
    ..\\Middlewares\\modbus\\functions\\mbfuncholding.c 0x00000000   Number         0  mbfuncholding.o ABSOLUTE
    ..\\Middlewares\\modbus\\functions\\mbfuncinput.c 0x00000000   Number         0  mbfuncinput.o ABSOLUTE
    ..\\Middlewares\\modbus\\functions\\mbfuncother.c 0x00000000   Number         0  mbfuncother.o ABSOLUTE
    ..\\Middlewares\\modbus\\functions\\mbutils.c 0x00000000   Number         0  mbutils.o ABSOLUTE
    ..\\Middlewares\\modbus\\mb.c            0x00000000   Number         0  mb.o ABSOLUTE
    ..\\Middlewares\\modbus\\rtu\\mbcrc.c    0x00000000   Number         0  mbcrc.o ABSOLUTE
    ..\\Middlewares\\modbus\\rtu\\mbrtu.c    0x00000000   Number         0  mbrtu.o ABSOLUTE
    ..\\Middlewares\\modbus\\tcp\\mbtcp.c    0x00000000   Number         0  mbtcp.o ABSOLUTE
    ..\\Src\\bsp\\GeneralTIM\\bsp_GeneralTIM.c 0x00000000   Number         0  bsp_generaltim.o ABSOLUTE
    ..\\Src\\bsp\\RS485\\bsp_usartx_RS485.c  0x00000000   Number         0  bsp_usartx_rs485.o ABSOLUTE
    ..\\Src\\bsp\\usart\\bsp_debug_usart.c   0x00000000   Number         0  bsp_debug_usart.o ABSOLUTE
    ..\\Src\\freemodbus\\portevent.c         0x00000000   Number         0  portevent.o ABSOLUTE
    ..\\Src\\freemodbus\\portserial.c        0x00000000   Number         0  portserial.o ABSOLUTE
    ..\\Src\\freemodbus\\porttimer.c         0x00000000   Number         0  porttimer.o ABSOLUTE
    ..\\Src\\stm32f1xx_assert.c              0x00000000   Number         0  stm32f1xx_assert.o ABSOLUTE
    cdrcmple.s                               0x00000000   Number         0  cdrcmple.o ABSOLUTE
    dc.s                                     0x00000000   Number         0  dc.o ABSOLUTE
    handlers.s                               0x00000000   Number         0  handlers.o ABSOLUTE
    init.s                                   0x00000000   Number         0  init.o ABSOLUTE
    startup_stm32f103xe.s                    0x00000000   Number         0  startup_stm32f103xe.o ABSOLUTE
    RESET                                    0x08000000   Section      304  startup_stm32f103xe.o(RESET)
    .ARM.Collect$$$$00000000                 0x08000130   Section        0  entry.o(.ARM.Collect$$$$00000000)
    .ARM.Collect$$$$00000001                 0x08000130   Section        4  entry2.o(.ARM.Collect$$$$00000001)
    .ARM.Collect$$$$00000004                 0x08000134   Section        4  entry5.o(.ARM.Collect$$$$00000004)
    .ARM.Collect$$$$00000008                 0x08000138   Section        0  entry7b.o(.ARM.Collect$$$$00000008)
    .ARM.Collect$$$$0000000A                 0x08000138   Section        0  entry8b.o(.ARM.Collect$$$$0000000A)
    .ARM.Collect$$$$0000000B                 0x08000138   Section        8  entry9a.o(.ARM.Collect$$$$0000000B)
    .ARM.Collect$$$$0000000D                 0x08000140   Section        0  entry10a.o(.ARM.Collect$$$$0000000D)
    .ARM.Collect$$$$0000000F                 0x08000140   Section        0  entry11a.o(.ARM.Collect$$$$0000000F)
    .ARM.Collect$$$$00002712                 0x08000140   Section        4  entry2.o(.ARM.Collect$$$$00002712)
    __lit__00000000                          0x08000140   Data           4  entry2.o(.ARM.Collect$$$$00002712)
    .text                                    0x08000144   Section       36  startup_stm32f103xe.o(.text)
    .text                                    0x08000168   Section        0  memcpya.o(.text)
    .text                                    0x0800018c   Section        0  uidiv.o(.text)
    .text                                    0x080001b8   Section       36  init.o(.text)
    i.BusFault_Handler                       0x080001dc   Section        0  stm32f1xx_it.o(i.BusFault_Handler)
    i.DebugMon_Handler                       0x080001de   Section        0  stm32f1xx_it.o(i.DebugMon_Handler)
    i.GENERAL_TIMx_Init                      0x080001e0   Section        0  bsp_generaltim.o(i.GENERAL_TIMx_Init)
    i.HAL_Delay                              0x08000224   Section        0  stm32f1xx_hal.o(i.HAL_Delay)
    i.HAL_GPIO_Init                          0x0800023c   Section        0  stm32f1xx_hal_gpio.o(i.HAL_GPIO_Init)
    i.HAL_GPIO_WritePin                      0x080005ac   Section        0  stm32f1xx_hal_gpio.o(i.HAL_GPIO_WritePin)
    i.HAL_GetTick                            0x0800061c   Section        0  stm32f1xx_hal.o(i.HAL_GetTick)
    i.HAL_IncTick                            0x08000628   Section        0  stm32f1xx_hal.o(i.HAL_IncTick)
    i.HAL_Init                               0x08000638   Section        0  stm32f1xx_hal.o(i.HAL_Init)
    i.HAL_InitTick                           0x0800065c   Section        0  stm32f1xx_hal.o(i.HAL_InitTick)
    i.HAL_MspInit                            0x08000680   Section        0  stm32f1xx_hal_msp.o(i.HAL_MspInit)
    i.HAL_NVIC_ClearPendingIRQ               0x080006dc   Section        0  stm32f1xx_hal_cortex.o(i.HAL_NVIC_ClearPendingIRQ)
    i.HAL_NVIC_EnableIRQ                     0x080006f4   Section        0  stm32f1xx_hal_cortex.o(i.HAL_NVIC_EnableIRQ)
    i.HAL_NVIC_SetPriority                   0x08000758   Section        0  stm32f1xx_hal_cortex.o(i.HAL_NVIC_SetPriority)
    i.HAL_NVIC_SetPriorityGrouping           0x080007f8   Section        0  stm32f1xx_hal_cortex.o(i.HAL_NVIC_SetPriorityGrouping)
    i.HAL_RCC_ClockConfig                    0x08000878   Section        0  stm32f1xx_hal_rcc.o(i.HAL_RCC_ClockConfig)
    i.HAL_RCC_GetHCLKFreq                    0x08000c80   Section        0  stm32f1xx_hal_rcc.o(i.HAL_RCC_GetHCLKFreq)
    i.HAL_RCC_GetPCLK1Freq                   0x08000cb4   Section        0  stm32f1xx_hal_rcc.o(i.HAL_RCC_GetPCLK1Freq)
    i.HAL_RCC_GetPCLK2Freq                   0x08000ce0   Section        0  stm32f1xx_hal_rcc.o(i.HAL_RCC_GetPCLK2Freq)
    i.HAL_RCC_GetSysClockFreq                0x08000d0c   Section        0  stm32f1xx_hal_rcc.o(i.HAL_RCC_GetSysClockFreq)
    i.HAL_RCC_OscConfig                      0x08000d9c   Section        0  stm32f1xx_hal_rcc.o(i.HAL_RCC_OscConfig)
    i.HAL_SYSTICK_CLKSourceConfig            0x080015bc   Section        0  stm32f1xx_hal_cortex.o(i.HAL_SYSTICK_CLKSourceConfig)
    i.HAL_SYSTICK_Callback                   0x08001628   Section        0  stm32f1xx_hal_cortex.o(i.HAL_SYSTICK_Callback)
    i.HAL_SYSTICK_Config                     0x0800162a   Section        0  stm32f1xx_hal_cortex.o(i.HAL_SYSTICK_Config)
    i.HAL_SYSTICK_IRQHandler                 0x08001652   Section        0  stm32f1xx_hal_cortex.o(i.HAL_SYSTICK_IRQHandler)
    i.HAL_TIMEx_BreakCallback                0x0800165a   Section        0  stm32f1xx_hal_tim_ex.o(i.HAL_TIMEx_BreakCallback)
    i.HAL_TIMEx_CommutationCallback          0x0800165c   Section        0  stm32f1xx_hal_tim_ex.o(i.HAL_TIMEx_CommutationCallback)
    i.HAL_TIMEx_MasterConfigSynchronization  0x08001660   Section        0  stm32f1xx_hal_tim_ex.o(i.HAL_TIMEx_MasterConfigSynchronization)
    i.HAL_TIM_Base_Init                      0x08001784   Section        0  stm32f1xx_hal_tim.o(i.HAL_TIM_Base_Init)
    i.HAL_TIM_Base_MspInit                   0x08001880   Section        0  bsp_generaltim.o(i.HAL_TIM_Base_MspInit)
    i.HAL_TIM_Base_Start_IT                  0x080018b8   Section        0  stm32f1xx_hal_tim.o(i.HAL_TIM_Base_Start_IT)
    i.HAL_TIM_Base_Stop_IT                   0x08001964   Section        0  stm32f1xx_hal_tim.o(i.HAL_TIM_Base_Stop_IT)
    i.HAL_TIM_ConfigClockSource              0x08001a24   Section        0  stm32f1xx_hal_tim.o(i.HAL_TIM_ConfigClockSource)
    i.HAL_TIM_IC_CaptureCallback             0x08001e64   Section        0  stm32f1xx_hal_tim.o(i.HAL_TIM_IC_CaptureCallback)
    i.HAL_TIM_IRQHandler                     0x08001e66   Section        0  stm32f1xx_hal_tim.o(i.HAL_TIM_IRQHandler)
    i.HAL_TIM_OC_DelayElapsedCallback        0x08001fd4   Section        0  stm32f1xx_hal_tim.o(i.HAL_TIM_OC_DelayElapsedCallback)
    i.HAL_TIM_PWM_PulseFinishedCallback      0x08001fd6   Section        0  stm32f1xx_hal_tim.o(i.HAL_TIM_PWM_PulseFinishedCallback)
    i.HAL_TIM_PeriodElapsedCallback          0x08001fd8   Section        0  porttimer.o(i.HAL_TIM_PeriodElapsedCallback)
    i.HAL_TIM_TriggerCallback                0x08001fdc   Section        0  stm32f1xx_hal_tim.o(i.HAL_TIM_TriggerCallback)
    i.HAL_UART_ErrorCallback                 0x08001fde   Section        0  stm32f1xx_hal_uart.o(i.HAL_UART_ErrorCallback)
    i.HAL_UART_IRQHandler                    0x08001fe0   Section        0  stm32f1xx_hal_uart.o(i.HAL_UART_IRQHandler)
    i.HAL_UART_Init                          0x080020a0   Section        0  stm32f1xx_hal_uart.o(i.HAL_UART_Init)
    i.HAL_UART_MspInit                       0x080021dc   Section        0  bsp_debug_usart.o(i.HAL_UART_MspInit)
    i.HAL_UART_Receive                       0x08002234   Section        0  stm32f1xx_hal_uart.o(i.HAL_UART_Receive)
    i.HAL_UART_RxCpltCallback                0x08002314   Section        0  stm32f1xx_hal_uart.o(i.HAL_UART_RxCpltCallback)
    i.HAL_UART_Transmit                      0x08002316   Section        0  stm32f1xx_hal_uart.o(i.HAL_UART_Transmit)
    i.HAL_UART_TxCpltCallback                0x080023ee   Section        0  stm32f1xx_hal_uart.o(i.HAL_UART_TxCpltCallback)
    i.HardFault_Handler                      0x080023f0   Section        0  stm32f1xx_it.o(i.HardFault_Handler)
    i.MX_DEBUG_USART_Init                    0x080023f4   Section        0  bsp_debug_usart.o(i.MX_DEBUG_USART_Init)
    i.MemManage_Handler                      0x08002438   Section        0  stm32f1xx_it.o(i.MemManage_Handler)
    i.NMI_Handler                            0x0800243a   Section        0  stm32f1xx_it.o(i.NMI_Handler)
    i.NVIC_SetPriority                       0x0800243c   Section        0  stm32f1xx_hal_cortex.o(i.NVIC_SetPriority)
    NVIC_SetPriority                         0x0800243d   Thumb Code    32  stm32f1xx_hal_cortex.o(i.NVIC_SetPriority)
    i.RS485_GPIO_Init                        0x0800245c   Section        0  bsp_usartx_rs485.o(i.RS485_GPIO_Init)
    i.RS485_USARTx_Init                      0x080024f0   Section        0  bsp_usartx_rs485.o(i.RS485_USARTx_Init)
    i.SysTick_Handler                        0x08002540   Section        0  stm32f1xx_it.o(i.SysTick_Handler)
    i.SystemClock_Config                     0x0800254e   Section        0  main.o(i.SystemClock_Config)
    i.SystemInit                             0x080025ac   Section        0  system_stm32f1xx.o(i.SystemInit)
    i.TIM2_IRQHandler                        0x080025f4   Section        0  stm32f1xx_it.o(i.TIM2_IRQHandler)
    i.TIM_Base_SetConfig                     0x0800260c   Section        0  stm32f1xx_hal_tim.o(i.TIM_Base_SetConfig)
    i.TIM_ETR_SetConfig                      0x08002694   Section        0  stm32f1xx_hal_tim.o(i.TIM_ETR_SetConfig)
    TIM_ETR_SetConfig                        0x08002695   Thumb Code    20  stm32f1xx_hal_tim.o(i.TIM_ETR_SetConfig)
    i.TIM_ITRx_SetConfig                     0x080026a8   Section        0  stm32f1xx_hal_tim.o(i.TIM_ITRx_SetConfig)
    TIM_ITRx_SetConfig                       0x080026a9   Thumb Code    16  stm32f1xx_hal_tim.o(i.TIM_ITRx_SetConfig)
    i.TIM_TI1_ConfigInputStage               0x080026b8   Section        0  stm32f1xx_hal_tim.o(i.TIM_TI1_ConfigInputStage)
    TIM_TI1_ConfigInputStage                 0x080026b9   Thumb Code    34  stm32f1xx_hal_tim.o(i.TIM_TI1_ConfigInputStage)
    i.TIM_TI2_ConfigInputStage               0x080026da   Section        0  stm32f1xx_hal_tim.o(i.TIM_TI2_ConfigInputStage)
    TIM_TI2_ConfigInputStage                 0x080026db   Thumb Code    36  stm32f1xx_hal_tim.o(i.TIM_TI2_ConfigInputStage)
    i.UART_EndTransmit_IT                    0x080026fe   Section        0  stm32f1xx_hal_uart.o(i.UART_EndTransmit_IT)
    UART_EndTransmit_IT                      0x080026ff   Thumb Code    42  stm32f1xx_hal_uart.o(i.UART_EndTransmit_IT)
    i.UART_Receive_IT                        0x08002728   Section        0  stm32f1xx_hal_uart.o(i.UART_Receive_IT)
    UART_Receive_IT                          0x08002729   Thumb Code   176  stm32f1xx_hal_uart.o(i.UART_Receive_IT)
    i.UART_SetConfig                         0x080027d8   Section        0  stm32f1xx_hal_uart.o(i.UART_SetConfig)
    UART_SetConfig                           0x080027d9   Thumb Code   348  stm32f1xx_hal_uart.o(i.UART_SetConfig)
    i.UART_Transmit_IT                       0x08002978   Section        0  stm32f1xx_hal_uart.o(i.UART_Transmit_IT)
    UART_Transmit_IT                         0x08002979   Thumb Code   106  stm32f1xx_hal_uart.o(i.UART_Transmit_IT)
    i.UART_WaitOnFlagUntilTimeout            0x080029e2   Section        0  stm32f1xx_hal_uart.o(i.UART_WaitOnFlagUntilTimeout)
    UART_WaitOnFlagUntilTimeout              0x080029e3   Thumb Code   198  stm32f1xx_hal_uart.o(i.UART_WaitOnFlagUntilTimeout)
    i.USART3_IRQHandler                      0x08002aa8   Section        0  stm32f1xx_it.o(i.USART3_IRQHandler)
    i.UsageFault_Handler                     0x08002ad8   Section        0  stm32f1xx_it.o(i.UsageFault_Handler)
    i.__0printf$3                            0x08002adc   Section        0  printf3.o(i.__0printf$3)
    i.__scatterload_copy                     0x08002afc   Section       14  handlers.o(i.__scatterload_copy)
    i.__scatterload_null                     0x08002b0a   Section        2  handlers.o(i.__scatterload_null)
    i.__scatterload_zeroinit                 0x08002b0c   Section       14  handlers.o(i.__scatterload_zeroinit)
    i._printf_core                           0x08002b1c   Section        0  printf3.o(i._printf_core)
    _printf_core                             0x08002b1d   Thumb Code   436  printf3.o(i._printf_core)
    i.assert_failed                          0x08002cd4   Section        0  stm32f1xx_assert.o(i.assert_failed)
    i.eMBASCIIInit                           0x08002d10   Section        0  mbascii.o(i.eMBASCIIInit)
    i.eMBASCIIReceive                        0x08002d54   Section        0  mbascii.o(i.eMBASCIIReceive)
    i.eMBASCIISend                           0x08002dd4   Section        0  mbascii.o(i.eMBASCIISend)
    i.eMBASCIIStart                          0x08002e2c   Section        0  mbascii.o(i.eMBASCIIStart)
    i.eMBASCIIStop                           0x08002e50   Section        0  mbascii.o(i.eMBASCIIStop)
    i.eMBEnable                              0x08002e6c   Section        0  mb.o(i.eMBEnable)
    i.eMBFuncReadCoils                       0x08002e8c   Section        0  mbfunccoils.o(i.eMBFuncReadCoils)
    i.eMBFuncReadDiscreteInputs              0x08002f08   Section        0  mbfuncdisc.o(i.eMBFuncReadDiscreteInputs)
    i.eMBFuncReadHoldingRegister             0x08002f80   Section        0  mbfuncholding.o(i.eMBFuncReadHoldingRegister)
    i.eMBFuncReadInputRegister               0x08002fe0   Section        0  mbfuncinput.o(i.eMBFuncReadInputRegister)
    i.eMBFuncReadWriteMultipleHoldingRegister 0x08003040   Section        0  mbfuncholding.o(i.eMBFuncReadWriteMultipleHoldingRegister)
    i.eMBFuncReportSlaveID                   0x080030dc   Section        0  mbfuncother.o(i.eMBFuncReportSlaveID)
    i.eMBFuncWriteCoil                       0x08003100   Section        0  mbfunccoils.o(i.eMBFuncWriteCoil)
    i.eMBFuncWriteHoldingRegister            0x0800315a   Section        0  mbfuncholding.o(i.eMBFuncWriteHoldingRegister)
    i.eMBFuncWriteMultipleCoils              0x0800318c   Section        0  mbfunccoils.o(i.eMBFuncWriteMultipleCoils)
    i.eMBFuncWriteMultipleHoldingRegister    0x080031f2   Section        0  mbfuncholding.o(i.eMBFuncWriteMultipleHoldingRegister)
    i.eMBInit                                0x08003244   Section        0  mb.o(i.eMBInit)
    i.eMBPoll                                0x08003314   Section        0  mb.o(i.eMBPoll)
    i.eMBRTUInit                             0x080033c0   Section        0  mbrtu.o(i.eMBRTUInit)
    i.eMBRTUReceive                          0x0800340c   Section        0  mbrtu.o(i.eMBRTUReceive)
    i.eMBRTUSend                             0x08003490   Section        0  mbrtu.o(i.eMBRTUSend)
    i.eMBRTUStart                            0x080034f4   Section        0  mbrtu.o(i.eMBRTUStart)
    i.eMBRTUStop                             0x08003518   Section        0  mbrtu.o(i.eMBRTUStop)
    i.eMBRegCoilsCB                          0x08003534   Section        0  main.o(i.eMBRegCoilsCB)
    i.eMBRegDiscreteCB                       0x08003550   Section        0  main.o(i.eMBRegDiscreteCB)
    i.eMBRegHoldingCB                        0x08003570   Section        0  main.o(i.eMBRegHoldingCB)
    i.eMBRegInputCB                          0x08003590   Section        0  main.o(i.eMBRegInputCB)
    i.fputc                                  0x080035fc   Section        0  bsp_debug_usart.o(i.fputc)
    i.main                                   0x08003614   Section        0  main.o(i.main)
    i.prveMBError2Exception                  0x08003660   Section        0  mbutils.o(i.prveMBError2Exception)
    i.prvucMBBIN2CHAR                        0x0800367c   Section        0  mbascii.o(i.prvucMBBIN2CHAR)
    prvucMBBIN2CHAR                          0x0800367d   Thumb Code    40  mbascii.o(i.prvucMBBIN2CHAR)
    i.prvucMBCHAR2BIN                        0x080036cc   Section        0  mbascii.o(i.prvucMBCHAR2BIN)
    prvucMBCHAR2BIN                          0x080036cd   Thumb Code    30  mbascii.o(i.prvucMBCHAR2BIN)
    i.prvucMBLRC                             0x080036ea   Section        0  mbascii.o(i.prvucMBLRC)
    prvucMBLRC                               0x080036eb   Thumb Code    24  mbascii.o(i.prvucMBLRC)
    i.prvvTIMERExpiredISR                    0x08003704   Section        0  porttimer.o(i.prvvTIMERExpiredISR)
    i.prvvUARTRxISR                          0x08003710   Section        0  portserial.o(i.prvvUARTRxISR)
    i.prvvUARTTxReadyISR                     0x0800371c   Section        0  portserial.o(i.prvvUARTTxReadyISR)
    i.usMBCRC16                              0x08003728   Section        0  mbcrc.o(i.usMBCRC16)
    i.vMBPortSerialEnable                    0x08003754   Section        0  portserial.o(i.vMBPortSerialEnable)
    i.vMBPortTimersDisable                   0x080037ac   Section        0  porttimer.o(i.vMBPortTimersDisable)
    i.vMBPortTimersEnable                    0x080037c8   Section        0  porttimer.o(i.vMBPortTimersEnable)
    i.xMBASCIIReceiveFSM                     0x080037e4   Section        0  mbascii.o(i.xMBASCIIReceiveFSM)
    i.xMBASCIITimerT1SExpired                0x080038dc   Section        0  mbascii.o(i.xMBASCIITimerT1SExpired)
    i.xMBASCIITransmitFSM                    0x0800393c   Section        0  mbascii.o(i.xMBASCIITransmitFSM)
    i.xMBPortEventGet                        0x08003a1c   Section        0  portevent.o(i.xMBPortEventGet)
    i.xMBPortEventInit                       0x08003a38   Section        0  portevent.o(i.xMBPortEventInit)
    i.xMBPortEventPost                       0x08003a48   Section        0  portevent.o(i.xMBPortEventPost)
    i.xMBPortSerialGetByte                   0x08003a58   Section        0  portserial.o(i.xMBPortSerialGetByte)
    i.xMBPortSerialInit                      0x08003a84   Section        0  portserial.o(i.xMBPortSerialInit)
    i.xMBPortSerialPutByte                   0x08003a88   Section        0  portserial.o(i.xMBPortSerialPutByte)
    i.xMBPortTimersInit                      0x08003ab4   Section        0  porttimer.o(i.xMBPortTimersInit)
    i.xMBRTUReceiveFSM                       0x08003ac0   Section        0  mbrtu.o(i.xMBRTUReceiveFSM)
    i.xMBRTUTimerT35Expired                  0x08003b60   Section        0  mbrtu.o(i.xMBRTUTimerT35Expired)
    i.xMBRTUTransmitFSM                      0x08003bd8   Section        0  mbrtu.o(i.xMBRTUTransmitFSM)
    .constdata                               0x08003c5c   Section       16  stm32f1xx_hal_rcc.o(.constdata)
    .constdata                               0x08003c6c   Section      512  mbcrc.o(.constdata)
    aucCRCHi                                 0x08003c6c   Data         256  mbcrc.o(.constdata)
    aucCRCLo                                 0x08003d6c   Data         256  mbcrc.o(.constdata)
    .data                                    0x20000000   Section        4  system_stm32f1xx.o(.data)
    .data                                    0x20000004   Section        4  stm32f1xx_hal.o(.data)
    uwTick                                   0x20000004   Data           4  stm32f1xx_hal.o(.data)
    .data                                    0x20000008   Section       10  main.o(.data)
    usRegInputStart                          0x20000008   Data           2  main.o(.data)
    usRegInputBuf                            0x2000000a   Data           8  main.o(.data)
    .data                                    0x20000012   Section        2  portevent.o(.data)
    eQueuedEvent                             0x20000012   Data           1  portevent.o(.data)
    xEventInQueue                            0x20000013   Data           1  portevent.o(.data)
    .data                                    0x20000014   Section       16  mbascii.o(.data)
    eSndState                                0x20000014   Data           1  mbascii.o(.data)
    eRcvState                                0x20000015   Data           1  mbascii.o(.data)
    eBytePos                                 0x20000016   Data           1  mbascii.o(.data)
    ucMBLFCharacter                          0x20000017   Data           1  mbascii.o(.data)
    usRcvBufferPos                           0x20000018   Data           2  mbascii.o(.data)
    usSndBufferCount                         0x2000001a   Data           2  mbascii.o(.data)
    ucASCIIBuf                               0x2000001c   Data           4  mbascii.o(.data)
    pucSndBufferCur                          0x20000020   Data           4  mbascii.o(.data)
    .data                                    0x20000024   Section        2  mbfuncother.o(.data)
    usMBSlaveIDLen                           0x20000024   Data           2  mbfuncother.o(.data)
    .data                                    0x20000028   Section       12  mbrtu.o(.data)
    eSndState                                0x20000028   Data           1  mbrtu.o(.data)
    eRcvState                                0x20000029   Data           1  mbrtu.o(.data)
    usSndBufferCount                         0x2000002a   Data           2  mbrtu.o(.data)
    usRcvBufferPos                           0x2000002c   Data           2  mbrtu.o(.data)
    pucSndBufferCur                          0x20000030   Data           4  mbrtu.o(.data)
    .data                                    0x20000034   Section      172  mb.o(.data)
    eMBState                                 0x20000034   Data           1  mb.o(.data)
    ucRcvAddress                             0x20000035   Data           1  mb.o(.data)
    ucFunctionCode                           0x20000036   Data           1  mb.o(.data)
    eException                               0x20000037   Data           1  mb.o(.data)
    ucMBAddress                              0x20000038   Data           1  mb.o(.data)
    eMBCurrentMode                           0x20000039   Data           1  mb.o(.data)
    usLength                                 0x2000003a   Data           2  mb.o(.data)
    ucMBFrame                                0x2000003c   Data           4  mb.o(.data)
    peMBFrameSendCur                         0x20000040   Data           4  mb.o(.data)
    pvMBFrameStartCur                        0x20000044   Data           4  mb.o(.data)
    pvMBFrameStopCur                         0x20000048   Data           4  mb.o(.data)
    peMBFrameReceiveCur                      0x2000004c   Data           4  mb.o(.data)
    pvMBFrameCloseCur                        0x20000050   Data           4  mb.o(.data)
    xFuncHandlers                            0x20000060   Data         128  mb.o(.data)
    .data                                    0x200000e0   Section        4  stdout.o(.data)
    .bss                                     0x200000e4   Section       64  bsp_debug_usart.o(.bss)
    .bss                                     0x20000124   Section       60  bsp_generaltim.o(.bss)
    .bss                                     0x20000160   Section       64  bsp_usartx_rs485.o(.bss)
    .bss                                     0x200001a0   Section       32  mbfuncother.o(.bss)
    ucMBSlaveID                              0x200001a0   Data          32  mbfuncother.o(.bss)
    .bss                                     0x200001c0   Section      256  mbrtu.o(.bss)
    STACK                                    0x200002c0   Section     4096  startup_stm32f103xe.o(STACK)

    Global Symbols

    Symbol Name                              Value     Ov Type        Size  Object(Section)

    BuildAttributes$$THM_ISAv4$P$D$K$B$S$PE$A:L22UL41UL21$X:L11$S22US41US21$IEEE1$IW$USESV6$~STKCKD$USESV7$~SHL$OSPACE$ROPI$EBA8$MICROLIB$REQ8$PRES8$EABIv2 0x00000000   Number         0  anon$$obj.o ABSOLUTE
    __ARM_use_no_argv                        0x00000000   Number         0  main.o ABSOLUTE
    _printf_a                                0x00000000   Number         0  stubs.o ABSOLUTE
    _printf_c                                0x00000000   Number         0  stubs.o ABSOLUTE
    _printf_charcount                        0x00000000   Number         0  stubs.o ABSOLUTE
    _printf_d                                0x00000000   Number         0  stubs.o ABSOLUTE
    _printf_e                                0x00000000   Number         0  stubs.o ABSOLUTE
    _printf_f                                0x00000000   Number         0  stubs.o ABSOLUTE
    _printf_flags                            0x00000000   Number         0  stubs.o ABSOLUTE
    _printf_fp_dec                           0x00000000   Number         0  stubs.o ABSOLUTE
    _printf_fp_hex                           0x00000000   Number         0  stubs.o ABSOLUTE
    _printf_g                                0x00000000   Number         0  stubs.o ABSOLUTE
    _printf_i                                0x00000000   Number         0  stubs.o ABSOLUTE
    _printf_int_dec                          0x00000000   Number         0  stubs.o ABSOLUTE
    _printf_l                                0x00000000   Number         0  stubs.o ABSOLUTE
    _printf_lc                               0x00000000   Number         0  stubs.o ABSOLUTE
    _printf_ll                               0x00000000   Number         0  stubs.o ABSOLUTE
    _printf_lld                              0x00000000   Number         0  stubs.o ABSOLUTE
    _printf_lli                              0x00000000   Number         0  stubs.o ABSOLUTE
    _printf_llo                              0x00000000   Number         0  stubs.o ABSOLUTE
    _printf_llu                              0x00000000   Number         0  stubs.o ABSOLUTE
    _printf_llx                              0x00000000   Number         0  stubs.o ABSOLUTE
    _printf_longlong_dec                     0x00000000   Number         0  stubs.o ABSOLUTE
    _printf_longlong_hex                     0x00000000   Number         0  stubs.o ABSOLUTE
    _printf_longlong_oct                     0x00000000   Number         0  stubs.o ABSOLUTE
    _printf_ls                               0x00000000   Number         0  stubs.o ABSOLUTE
    _printf_mbtowc                           0x00000000   Number         0  stubs.o ABSOLUTE
    _printf_n                                0x00000000   Number         0  stubs.o ABSOLUTE
    _printf_o                                0x00000000   Number         0  stubs.o ABSOLUTE
    _printf_p                                0x00000000   Number         0  stubs.o ABSOLUTE
    _printf_percent                          0x00000000   Number         0  stubs.o ABSOLUTE
    _printf_pre_padding                      0x00000000   Number         0  stubs.o ABSOLUTE
    _printf_return_value                     0x00000000   Number         0  stubs.o ABSOLUTE
    _printf_s                                0x00000000   Number         0  stubs.o ABSOLUTE
    _printf_sizespec                         0x00000000   Number         0  stubs.o ABSOLUTE
    _printf_str                              0x00000000   Number         0  stubs.o ABSOLUTE
    _printf_truncate_signed                  0x00000000   Number         0  stubs.o ABSOLUTE
    _printf_truncate_unsigned                0x00000000   Number         0  stubs.o ABSOLUTE
    _printf_u                                0x00000000   Number         0  stubs.o ABSOLUTE
    _printf_wc                               0x00000000   Number         0  stubs.o ABSOLUTE
    _printf_wctomb                           0x00000000   Number         0  stubs.o ABSOLUTE
    _printf_widthprec                        0x00000000   Number         0  stubs.o ABSOLUTE
    _printf_x                                0x00000000   Number         0  stubs.o ABSOLUTE
    __cpp_initialize__aeabi_                  - Undefined Weak Reference
    __cxa_finalize                            - Undefined Weak Reference
    __decompress                              - Undefined Weak Reference
    _clock_init                               - Undefined Weak Reference
    _microlib_exit                            - Undefined Weak Reference
    __Vectors_Size                           0x00000130   Number         0  startup_stm32f103xe.o ABSOLUTE
    __Vectors                                0x08000000   Data           4  startup_stm32f103xe.o(RESET)
    __Vectors_End                            0x08000130   Data           0  startup_stm32f103xe.o(RESET)
    __main                                   0x08000131   Thumb Code     0  entry.o(.ARM.Collect$$$$00000000)
    _main_stk                                0x08000131   Thumb Code     0  entry2.o(.ARM.Collect$$$$00000001)
    _main_scatterload                        0x08000135   Thumb Code     0  entry5.o(.ARM.Collect$$$$00000004)
    __main_after_scatterload                 0x08000139   Thumb Code     0  entry5.o(.ARM.Collect$$$$00000004)
    _main_clock                              0x08000139   Thumb Code     0  entry7b.o(.ARM.Collect$$$$00000008)
    _main_cpp_init                           0x08000139   Thumb Code     0  entry8b.o(.ARM.Collect$$$$0000000A)
    _main_init                               0x08000139   Thumb Code     0  entry9a.o(.ARM.Collect$$$$0000000B)
    __rt_final_cpp                           0x08000141   Thumb Code     0  entry10a.o(.ARM.Collect$$$$0000000D)
    __rt_final_exit                          0x08000141   Thumb Code     0  entry11a.o(.ARM.Collect$$$$0000000F)
    Reset_Handler                            0x08000145   Thumb Code     8  startup_stm32f103xe.o(.text)
    SVC_Handler                              0x08000157   Thumb Code     2  startup_stm32f103xe.o(.text)
    PendSV_Handler                           0x0800015b   Thumb Code     2  startup_stm32f103xe.o(.text)
    ADC1_2_IRQHandler                        0x0800015f   Thumb Code     0  startup_stm32f103xe.o(.text)
    ADC3_IRQHandler                          0x0800015f   Thumb Code     0  startup_stm32f103xe.o(.text)
    CAN1_RX1_IRQHandler                      0x0800015f   Thumb Code     0  startup_stm32f103xe.o(.text)
    CAN1_SCE_IRQHandler                      0x0800015f   Thumb Code     0  startup_stm32f103xe.o(.text)
    DMA1_Channel1_IRQHandler                 0x0800015f   Thumb Code     0  startup_stm32f103xe.o(.text)
    DMA1_Channel2_IRQHandler                 0x0800015f   Thumb Code     0  startup_stm32f103xe.o(.text)
    DMA1_Channel3_IRQHandler                 0x0800015f   Thumb Code     0  startup_stm32f103xe.o(.text)
    DMA1_Channel4_IRQHandler                 0x0800015f   Thumb Code     0  startup_stm32f103xe.o(.text)
    DMA1_Channel5_IRQHandler                 0x0800015f   Thumb Code     0  startup_stm32f103xe.o(.text)
    DMA1_Channel6_IRQHandler                 0x0800015f   Thumb Code     0  startup_stm32f103xe.o(.text)
    DMA1_Channel7_IRQHandler                 0x0800015f   Thumb Code     0  startup_stm32f103xe.o(.text)
    DMA2_Channel1_IRQHandler                 0x0800015f   Thumb Code     0  startup_stm32f103xe.o(.text)
    DMA2_Channel2_IRQHandler                 0x0800015f   Thumb Code     0  startup_stm32f103xe.o(.text)
    DMA2_Channel3_IRQHandler                 0x0800015f   Thumb Code     0  startup_stm32f103xe.o(.text)
    DMA2_Channel4_5_IRQHandler               0x0800015f   Thumb Code     0  startup_stm32f103xe.o(.text)
    EXTI0_IRQHandler                         0x0800015f   Thumb Code     0  startup_stm32f103xe.o(.text)
    EXTI15_10_IRQHandler                     0x0800015f   Thumb Code     0  startup_stm32f103xe.o(.text)
    EXTI1_IRQHandler                         0x0800015f   Thumb Code     0  startup_stm32f103xe.o(.text)
    EXTI2_IRQHandler                         0x0800015f   Thumb Code     0  startup_stm32f103xe.o(.text)
    EXTI3_IRQHandler                         0x0800015f   Thumb Code     0  startup_stm32f103xe.o(.text)
    EXTI4_IRQHandler                         0x0800015f   Thumb Code     0  startup_stm32f103xe.o(.text)
    EXTI9_5_IRQHandler                       0x0800015f   Thumb Code     0  startup_stm32f103xe.o(.text)
    FLASH_IRQHandler                         0x0800015f   Thumb Code     0  startup_stm32f103xe.o(.text)
    FSMC_IRQHandler                          0x0800015f   Thumb Code     0  startup_stm32f103xe.o(.text)
    I2C1_ER_IRQHandler                       0x0800015f   Thumb Code     0  startup_stm32f103xe.o(.text)
    I2C1_EV_IRQHandler                       0x0800015f   Thumb Code     0  startup_stm32f103xe.o(.text)
    I2C2_ER_IRQHandler                       0x0800015f   Thumb Code     0  startup_stm32f103xe.o(.text)
    I2C2_EV_IRQHandler                       0x0800015f   Thumb Code     0  startup_stm32f103xe.o(.text)
    PVD_IRQHandler                           0x0800015f   Thumb Code     0  startup_stm32f103xe.o(.text)
    RCC_IRQHandler                           0x0800015f   Thumb Code     0  startup_stm32f103xe.o(.text)
    RTC_Alarm_IRQHandler                     0x0800015f   Thumb Code     0  startup_stm32f103xe.o(.text)
    RTC_IRQHandler                           0x0800015f   Thumb Code     0  startup_stm32f103xe.o(.text)
    SDIO_IRQHandler                          0x0800015f   Thumb Code     0  startup_stm32f103xe.o(.text)
    SPI1_IRQHandler                          0x0800015f   Thumb Code     0  startup_stm32f103xe.o(.text)
    SPI2_IRQHandler                          0x0800015f   Thumb Code     0  startup_stm32f103xe.o(.text)
    SPI3_IRQHandler                          0x0800015f   Thumb Code     0  startup_stm32f103xe.o(.text)
    TAMPER_IRQHandler                        0x0800015f   Thumb Code     0  startup_stm32f103xe.o(.text)
    TIM1_BRK_IRQHandler                      0x0800015f   Thumb Code     0  startup_stm32f103xe.o(.text)
    TIM1_CC_IRQHandler                       0x0800015f   Thumb Code     0  startup_stm32f103xe.o(.text)
    TIM1_TRG_COM_IRQHandler                  0x0800015f   Thumb Code     0  startup_stm32f103xe.o(.text)
    TIM1_UP_IRQHandler                       0x0800015f   Thumb Code     0  startup_stm32f103xe.o(.text)
    TIM3_IRQHandler                          0x0800015f   Thumb Code     0  startup_stm32f103xe.o(.text)
    TIM4_IRQHandler                          0x0800015f   Thumb Code     0  startup_stm32f103xe.o(.text)
    TIM5_IRQHandler                          0x0800015f   Thumb Code     0  startup_stm32f103xe.o(.text)
    TIM6_IRQHandler                          0x0800015f   Thumb Code     0  startup_stm32f103xe.o(.text)
    TIM7_IRQHandler                          0x0800015f   Thumb Code     0  startup_stm32f103xe.o(.text)
    TIM8_BRK_IRQHandler                      0x0800015f   Thumb Code     0  startup_stm32f103xe.o(.text)
    TIM8_CC_IRQHandler                       0x0800015f   Thumb Code     0  startup_stm32f103xe.o(.text)
    TIM8_TRG_COM_IRQHandler                  0x0800015f   Thumb Code     0  startup_stm32f103xe.o(.text)
    TIM8_UP_IRQHandler                       0x0800015f   Thumb Code     0  startup_stm32f103xe.o(.text)
    UART4_IRQHandler                         0x0800015f   Thumb Code     0  startup_stm32f103xe.o(.text)
    UART5_IRQHandler                         0x0800015f   Thumb Code     0  startup_stm32f103xe.o(.text)
    USART1_IRQHandler                        0x0800015f   Thumb Code     0  startup_stm32f103xe.o(.text)
    USART2_IRQHandler                        0x0800015f   Thumb Code     0  startup_stm32f103xe.o(.text)
    USBWakeUp_IRQHandler                     0x0800015f   Thumb Code     0  startup_stm32f103xe.o(.text)
    USB_HP_CAN1_TX_IRQHandler                0x0800015f   Thumb Code     0  startup_stm32f103xe.o(.text)
    USB_LP_CAN1_RX0_IRQHandler               0x0800015f   Thumb Code     0  startup_stm32f103xe.o(.text)
    WWDG_IRQHandler                          0x0800015f   Thumb Code     0  startup_stm32f103xe.o(.text)
    __aeabi_memcpy                           0x08000169   Thumb Code    36  memcpya.o(.text)
    __aeabi_memcpy4                          0x08000169   Thumb Code     0  memcpya.o(.text)
    __aeabi_memcpy8                          0x08000169   Thumb Code     0  memcpya.o(.text)
    __aeabi_uidiv                            0x0800018d   Thumb Code     0  uidiv.o(.text)
    __aeabi_uidivmod                         0x0800018d   Thumb Code    44  uidiv.o(.text)
    __scatterload                            0x080001b9   Thumb Code    28  init.o(.text)
    __scatterload_rt2                        0x080001b9   Thumb Code     0  init.o(.text)
    BusFault_Handler                         0x080001dd   Thumb Code     2  stm32f1xx_it.o(i.BusFault_Handler)
    DebugMon_Handler                         0x080001df   Thumb Code     2  stm32f1xx_it.o(i.DebugMon_Handler)
    GENERAL_TIMx_Init                        0x080001e1   Thumb Code    62  bsp_generaltim.o(i.GENERAL_TIMx_Init)
    HAL_Delay                                0x08000225   Thumb Code    22  stm32f1xx_hal.o(i.HAL_Delay)
    HAL_GPIO_Init                            0x0800023d   Thumb Code   754  stm32f1xx_hal_gpio.o(i.HAL_GPIO_Init)
    HAL_GPIO_WritePin                        0x080005ad   Thumb Code    50  stm32f1xx_hal_gpio.o(i.HAL_GPIO_WritePin)
    HAL_GetTick                              0x0800061d   Thumb Code     6  stm32f1xx_hal.o(i.HAL_GetTick)
    HAL_IncTick                              0x08000629   Thumb Code    10  stm32f1xx_hal.o(i.HAL_IncTick)
    HAL_Init                                 0x08000639   Thumb Code    32  stm32f1xx_hal.o(i.HAL_Init)
    HAL_InitTick                             0x0800065d   Thumb Code    34  stm32f1xx_hal.o(i.HAL_InitTick)
    HAL_MspInit                              0x08000681   Thumb Code    86  stm32f1xx_hal_msp.o(i.HAL_MspInit)
    HAL_NVIC_ClearPendingIRQ                 0x080006dd   Thumb Code    22  stm32f1xx_hal_cortex.o(i.HAL_NVIC_ClearPendingIRQ)
    HAL_NVIC_EnableIRQ                       0x080006f5   Thumb Code    38  stm32f1xx_hal_cortex.o(i.HAL_NVIC_EnableIRQ)
    HAL_NVIC_SetPriority                     0x08000759   Thumb Code    94  stm32f1xx_hal_cortex.o(i.HAL_NVIC_SetPriority)
    HAL_NVIC_SetPriorityGrouping             0x080007f9   Thumb Code    58  stm32f1xx_hal_cortex.o(i.HAL_NVIC_SetPriorityGrouping)
    HAL_RCC_ClockConfig                      0x08000879   Thumb Code   968  stm32f1xx_hal_rcc.o(i.HAL_RCC_ClockConfig)
    HAL_RCC_GetHCLKFreq                      0x08000c81   Thumb Code    38  stm32f1xx_hal_rcc.o(i.HAL_RCC_GetHCLKFreq)
    HAL_RCC_GetPCLK1Freq                     0x08000cb5   Thumb Code    36  stm32f1xx_hal_rcc.o(i.HAL_RCC_GetPCLK1Freq)
    HAL_RCC_GetPCLK2Freq                     0x08000ce1   Thumb Code    36  stm32f1xx_hal_rcc.o(i.HAL_RCC_GetPCLK2Freq)
    HAL_RCC_GetSysClockFreq                  0x08000d0d   Thumb Code   112  stm32f1xx_hal_rcc.o(i.HAL_RCC_GetSysClockFreq)
    HAL_RCC_OscConfig                        0x08000d9d   Thumb Code  2076  stm32f1xx_hal_rcc.o(i.HAL_RCC_OscConfig)
    HAL_SYSTICK_CLKSourceConfig              0x080015bd   Thumb Code    48  stm32f1xx_hal_cortex.o(i.HAL_SYSTICK_CLKSourceConfig)
    HAL_SYSTICK_Callback                     0x08001629   Thumb Code     2  stm32f1xx_hal_cortex.o(i.HAL_SYSTICK_Callback)
    HAL_SYSTICK_Config                       0x0800162b   Thumb Code    40  stm32f1xx_hal_cortex.o(i.HAL_SYSTICK_Config)
    HAL_SYSTICK_IRQHandler                   0x08001653   Thumb Code     8  stm32f1xx_hal_cortex.o(i.HAL_SYSTICK_IRQHandler)
    HAL_TIMEx_BreakCallback                  0x0800165b   Thumb Code     2  stm32f1xx_hal_tim_ex.o(i.HAL_TIMEx_BreakCallback)
    HAL_TIMEx_CommutationCallback            0x0800165d   Thumb Code     2  stm32f1xx_hal_tim_ex.o(i.HAL_TIMEx_CommutationCallback)
    HAL_TIMEx_MasterConfigSynchronization    0x08001661   Thumb Code   202  stm32f1xx_hal_tim_ex.o(i.HAL_TIMEx_MasterConfigSynchronization)
    HAL_TIM_Base_Init                        0x08001785   Thumb Code   166  stm32f1xx_hal_tim.o(i.HAL_TIM_Base_Init)
    HAL_TIM_Base_MspInit                     0x08001881   Thumb Code    50  bsp_generaltim.o(i.HAL_TIM_Base_MspInit)
    HAL_TIM_Base_Start_IT                    0x080018b9   Thumb Code    88  stm32f1xx_hal_tim.o(i.HAL_TIM_Base_Start_IT)
    HAL_TIM_Base_Stop_IT                     0x08001965   Thumb Code   106  stm32f1xx_hal_tim.o(i.HAL_TIM_Base_Stop_IT)
    HAL_TIM_ConfigClockSource                0x08001a25   Thumb Code  1002  stm32f1xx_hal_tim.o(i.HAL_TIM_ConfigClockSource)
    HAL_TIM_IC_CaptureCallback               0x08001e65   Thumb Code     2  stm32f1xx_hal_tim.o(i.HAL_TIM_IC_CaptureCallback)
    HAL_TIM_IRQHandler                       0x08001e67   Thumb Code   366  stm32f1xx_hal_tim.o(i.HAL_TIM_IRQHandler)
    HAL_TIM_OC_DelayElapsedCallback          0x08001fd5   Thumb Code     2  stm32f1xx_hal_tim.o(i.HAL_TIM_OC_DelayElapsedCallback)
    HAL_TIM_PWM_PulseFinishedCallback        0x08001fd7   Thumb Code     2  stm32f1xx_hal_tim.o(i.HAL_TIM_PWM_PulseFinishedCallback)
    HAL_TIM_PeriodElapsedCallback            0x08001fd9   Thumb Code     4  porttimer.o(i.HAL_TIM_PeriodElapsedCallback)
    HAL_TIM_TriggerCallback                  0x08001fdd   Thumb Code     2  stm32f1xx_hal_tim.o(i.HAL_TIM_TriggerCallback)
    HAL_UART_ErrorCallback                   0x08001fdf   Thumb Code     2  stm32f1xx_hal_uart.o(i.HAL_UART_ErrorCallback)
    HAL_UART_IRQHandler                      0x08001fe1   Thumb Code   190  stm32f1xx_hal_uart.o(i.HAL_UART_IRQHandler)
    HAL_UART_Init                            0x080020a1   Thumb Code   236  stm32f1xx_hal_uart.o(i.HAL_UART_Init)
    HAL_UART_MspInit                         0x080021dd   Thumb Code    76  bsp_debug_usart.o(i.HAL_UART_MspInit)
    HAL_UART_Receive                         0x08002235   Thumb Code   224  stm32f1xx_hal_uart.o(i.HAL_UART_Receive)
    HAL_UART_RxCpltCallback                  0x08002315   Thumb Code     2  stm32f1xx_hal_uart.o(i.HAL_UART_RxCpltCallback)
    HAL_UART_Transmit                        0x08002317   Thumb Code   216  stm32f1xx_hal_uart.o(i.HAL_UART_Transmit)
    HAL_UART_TxCpltCallback                  0x080023ef   Thumb Code     2  stm32f1xx_hal_uart.o(i.HAL_UART_TxCpltCallback)
    HardFault_Handler                        0x080023f1   Thumb Code     2  stm32f1xx_it.o(i.HardFault_Handler)
    MX_DEBUG_USART_Init                      0x080023f5   Thumb Code    54  bsp_debug_usart.o(i.MX_DEBUG_USART_Init)
    MemManage_Handler                        0x08002439   Thumb Code     2  stm32f1xx_it.o(i.MemManage_Handler)
    NMI_Handler                              0x0800243b   Thumb Code     2  stm32f1xx_it.o(i.NMI_Handler)
    RS485_GPIO_Init                          0x0800245d   Thumb Code   138  bsp_usartx_rs485.o(i.RS485_GPIO_Init)
    RS485_USARTx_Init                        0x080024f1   Thumb Code    70  bsp_usartx_rs485.o(i.RS485_USARTx_Init)
    SysTick_Handler                          0x08002541   Thumb Code    14  stm32f1xx_it.o(i.SysTick_Handler)
    SystemClock_Config                       0x0800254f   Thumb Code    92  main.o(i.SystemClock_Config)
    SystemInit                               0x080025ad   Thumb Code    56  system_stm32f1xx.o(i.SystemInit)
    TIM2_IRQHandler                          0x080025f5   Thumb Code    18  stm32f1xx_it.o(i.TIM2_IRQHandler)
    TIM_Base_SetConfig                       0x0800260d   Thumb Code   116  stm32f1xx_hal_tim.o(i.TIM_Base_SetConfig)
    USART3_IRQHandler                        0x08002aa9   Thumb Code    44  stm32f1xx_it.o(i.USART3_IRQHandler)
    UsageFault_Handler                       0x08002ad9   Thumb Code     2  stm32f1xx_it.o(i.UsageFault_Handler)
    __0printf$3                              0x08002add   Thumb Code    22  printf3.o(i.__0printf$3)
    __1printf$3                              0x08002add   Thumb Code     0  printf3.o(i.__0printf$3)
    __2printf                                0x08002add   Thumb Code     0  printf3.o(i.__0printf$3)
    __scatterload_copy                       0x08002afd   Thumb Code    14  handlers.o(i.__scatterload_copy)
    __scatterload_null                       0x08002b0b   Thumb Code     2  handlers.o(i.__scatterload_null)
    __scatterload_zeroinit                   0x08002b0d   Thumb Code    14  handlers.o(i.__scatterload_zeroinit)
    assert_failed                            0x08002cd5   Thumb Code    10  stm32f1xx_assert.o(i.assert_failed)
    eMBASCIIInit                             0x08002d11   Thumb Code    62  mbascii.o(i.eMBASCIIInit)
    eMBASCIIReceive                          0x08002d55   Thumb Code    84  mbascii.o(i.eMBASCIIReceive)
    eMBASCIISend                             0x08002dd5   Thumb Code    84  mbascii.o(i.eMBASCIISend)
    eMBASCIIStart                            0x08002e2d   Thumb Code    32  mbascii.o(i.eMBASCIIStart)
    eMBASCIIStop                             0x08002e51   Thumb Code    28  mbascii.o(i.eMBASCIIStop)
    eMBEnable                                0x08002e6d   Thumb Code    28  mb.o(i.eMBEnable)
    eMBFuncReadCoils                         0x08002e8d   Thumb Code   124  mbfunccoils.o(i.eMBFuncReadCoils)
    eMBFuncReadDiscreteInputs                0x08002f09   Thumb Code   120  mbfuncdisc.o(i.eMBFuncReadDiscreteInputs)
    eMBFuncReadHoldingRegister               0x08002f81   Thumb Code    96  mbfuncholding.o(i.eMBFuncReadHoldingRegister)
    eMBFuncReadInputRegister                 0x08002fe1   Thumb Code    96  mbfuncinput.o(i.eMBFuncReadInputRegister)
    eMBFuncReadWriteMultipleHoldingRegister  0x08003041   Thumb Code   156  mbfuncholding.o(i.eMBFuncReadWriteMultipleHoldingRegister)
    eMBFuncReportSlaveID                     0x080030dd   Thumb Code    26  mbfuncother.o(i.eMBFuncReportSlaveID)
    eMBFuncWriteCoil                         0x08003101   Thumb Code    90  mbfunccoils.o(i.eMBFuncWriteCoil)
    eMBFuncWriteHoldingRegister              0x0800315b   Thumb Code    50  mbfuncholding.o(i.eMBFuncWriteHoldingRegister)
    eMBFuncWriteMultipleCoils                0x0800318d   Thumb Code   102  mbfunccoils.o(i.eMBFuncWriteMultipleCoils)
    eMBFuncWriteMultipleHoldingRegister      0x080031f3   Thumb Code    82  mbfuncholding.o(i.eMBFuncWriteMultipleHoldingRegister)
    eMBInit                                  0x08003245   Thumb Code   146  mb.o(i.eMBInit)
    eMBPoll                                  0x08003315   Thumb Code   166  mb.o(i.eMBPoll)
    eMBRTUInit                               0x080033c1   Thumb Code    72  mbrtu.o(i.eMBRTUInit)
    eMBRTUReceive                            0x0800340d   Thumb Code    86  mbrtu.o(i.eMBRTUReceive)
    eMBRTUSend                               0x08003491   Thumb Code    92  mbrtu.o(i.eMBRTUSend)
    eMBRTUStart                              0x080034f5   Thumb Code    32  mbrtu.o(i.eMBRTUStart)
    eMBRTUStop                               0x08003519   Thumb Code    28  mbrtu.o(i.eMBRTUStop)
    eMBRegCoilsCB                            0x08003535   Thumb Code    12  main.o(i.eMBRegCoilsCB)
    eMBRegDiscreteCB                         0x08003551   Thumb Code    12  main.o(i.eMBRegDiscreteCB)
    eMBRegHoldingCB                          0x08003571   Thumb Code    12  main.o(i.eMBRegHoldingCB)
    eMBRegInputCB                            0x08003591   Thumb Code    86  main.o(i.eMBRegInputCB)
    fputc                                    0x080035fd   Thumb Code    20  bsp_debug_usart.o(i.fputc)
    main                                     0x08003615   Thumb Code    50  main.o(i.main)
    prveMBError2Exception                    0x08003661   Thumb Code    28  mbutils.o(i.prveMBError2Exception)
    prvvTIMERExpiredISR                      0x08003705   Thumb Code     6  porttimer.o(i.prvvTIMERExpiredISR)
    prvvUARTRxISR                            0x08003711   Thumb Code     6  portserial.o(i.prvvUARTRxISR)
    prvvUARTTxReadyISR                       0x0800371d   Thumb Code     6  portserial.o(i.prvvUARTTxReadyISR)
    usMBCRC16                                0x08003729   Thumb Code    38  mbcrc.o(i.usMBCRC16)
    vMBPortSerialEnable                      0x08003755   Thumb Code    78  portserial.o(i.vMBPortSerialEnable)
    vMBPortTimersDisable                     0x080037ad   Thumb Code    24  porttimer.o(i.vMBPortTimersDisable)
    vMBPortTimersEnable                      0x080037c9   Thumb Code    22  porttimer.o(i.vMBPortTimersEnable)
    xMBASCIIReceiveFSM                       0x080037e5   Thumb Code   204  mbascii.o(i.xMBASCIIReceiveFSM)
    xMBASCIITimerT1SExpired                  0x080038dd   Thumb Code    50  mbascii.o(i.xMBASCIITimerT1SExpired)
    xMBASCIITransmitFSM                      0x0800393d   Thumb Code   178  mbascii.o(i.xMBASCIITransmitFSM)
    xMBPortEventGet                          0x08003a1d   Thumb Code    24  portevent.o(i.xMBPortEventGet)
    xMBPortEventInit                         0x08003a39   Thumb Code    10  portevent.o(i.xMBPortEventInit)
    xMBPortEventPost                         0x08003a49   Thumb Code    12  portevent.o(i.xMBPortEventPost)
    xMBPortSerialGetByte                     0x08003a59   Thumb Code    36  portserial.o(i.xMBPortSerialGetByte)
    xMBPortSerialInit                        0x08003a85   Thumb Code     4  portserial.o(i.xMBPortSerialInit)
    xMBPortSerialPutByte                     0x08003a89   Thumb Code    34  portserial.o(i.xMBPortSerialPutByte)
    xMBPortTimersInit                        0x08003ab5   Thumb Code    10  porttimer.o(i.xMBPortTimersInit)
    xMBRTUReceiveFSM                         0x08003ac1   Thumb Code   116  mbrtu.o(i.xMBRTUReceiveFSM)
    xMBRTUTimerT35Expired                    0x08003b61   Thumb Code    78  mbrtu.o(i.xMBRTUTimerT35Expired)
    xMBRTUTransmitFSM                        0x08003bd9   Thumb Code    92  mbrtu.o(i.xMBRTUTransmitFSM)
    aAPBAHBPrescTable                        0x08003c5c   Data          16  stm32f1xx_hal_rcc.o(.constdata)
    Region$$Table$$Base                      0x08003e6c   Number         0  anon$$obj.o(Region$$Table)
    Region$$Table$$Limit                     0x08003e8c   Number         0  anon$$obj.o(Region$$Table)
    SystemCoreClock                          0x20000000   Data           4  system_stm32f1xx.o(.data)
    pxMBFrameCBByteReceived                  0x20000054   Data           4  mb.o(.data)
    pxMBFrameCBTransmitterEmpty              0x20000058   Data           4  mb.o(.data)
    pxMBPortCBTimerExpired                   0x2000005c   Data           4  mb.o(.data)
    __stdout                                 0x200000e0   Data           4  stdout.o(.data)
    husart_debug                             0x200000e4   Data          64  bsp_debug_usart.o(.bss)
    htimx                                    0x20000124   Data          60  bsp_generaltim.o(.bss)
    husartx_rs485                            0x20000160   Data          64  bsp_usartx_rs485.o(.bss)
    ucRTUBuf                                 0x200001c0   Data         256  mbrtu.o(.bss)
    __initial_sp                             0x200012c0   Data           0  startup_stm32f103xe.o(STACK)



==============================================================================

Memory Map of the image

  Image Entry point : 0x08000131

  Load Region LR_IROM1 (Base: 0x08000000, Size: 0x00003f70, Max: 0x00080000, ABSOLUTE)

    Execution Region ER_IROM1 (Exec base: 0x08000000, Load base: 0x08000000, Size: 0x00003e8c, Max: 0x00080000, ABSOLUTE)

    Exec Addr    Load Addr    Size         Type   Attr      Idx    E Section Name        Object

    0x08000000   0x08000000   0x00000130   Data   RO            3    RESET               startup_stm32f103xe.o
    0x08000130   0x08000130   0x00000000   Code   RO         7166  * .ARM.Collect$$$$00000000  mc_w.l(entry.o)
    0x08000130   0x08000130   0x00000004   Code   RO         7438    .ARM.Collect$$$$00000001  mc_w.l(entry2.o)
    0x08000134   0x08000134   0x00000004   Code   RO         7441    .ARM.Collect$$$$00000004  mc_w.l(entry5.o)
    0x08000138   0x08000138   0x00000000   Code   RO         7443    .ARM.Collect$$$$00000008  mc_w.l(entry7b.o)
    0x08000138   0x08000138   0x00000000   Code   RO         7445    .ARM.Collect$$$$0000000A  mc_w.l(entry8b.o)
    0x08000138   0x08000138   0x00000008   Code   RO         7446    .ARM.Collect$$$$0000000B  mc_w.l(entry9a.o)
    0x08000140   0x08000140   0x00000000   Code   RO         7448    .ARM.Collect$$$$0000000D  mc_w.l(entry10a.o)
    0x08000140   0x08000140   0x00000000   Code   RO         7450    .ARM.Collect$$$$0000000F  mc_w.l(entry11a.o)
    0x08000140   0x08000140   0x00000004   Code   RO         7439    .ARM.Collect$$$$00002712  mc_w.l(entry2.o)
    0x08000144   0x08000144   0x00000024   Code   RO            4    .text               startup_stm32f103xe.o
    0x08000168   0x08000168   0x00000024   Code   RO         7171    .text               mc_w.l(memcpya.o)
    0x0800018c   0x0800018c   0x0000002c   Code   RO         7453    .text               mc_w.l(uidiv.o)
    0x080001b8   0x080001b8   0x00000024   Code   RO         7468    .text               mc_w.l(init.o)
    0x080001dc   0x080001dc   0x00000002   Code   RO         6302    i.BusFault_Handler  stm32f1xx_it.o
    0x080001de   0x080001de   0x00000002   Code   RO         6303    i.DebugMon_Handler  stm32f1xx_it.o
    0x080001e0   0x080001e0   0x00000044   Code   RO         6459    i.GENERAL_TIMx_Init  bsp_generaltim.o
    0x08000224   0x08000224   0x00000016   Code   RO          947    i.HAL_Delay         stm32f1xx_hal.o
    0x0800023a   0x0800023a   0x00000002   PAD
    0x0800023c   0x0800023c   0x00000370   Code   RO         1552    i.HAL_GPIO_Init     stm32f1xx_hal_gpio.o
    0x080005ac   0x080005ac   0x00000070   Code   RO         1556    i.HAL_GPIO_WritePin  stm32f1xx_hal_gpio.o
    0x0800061c   0x0800061c   0x0000000c   Code   RO          951    i.HAL_GetTick       stm32f1xx_hal.o
    0x08000628   0x08000628   0x00000010   Code   RO          952    i.HAL_IncTick       stm32f1xx_hal.o
    0x08000638   0x08000638   0x00000024   Code   RO          953    i.HAL_Init          stm32f1xx_hal.o
    0x0800065c   0x0800065c   0x00000022   Code   RO          954    i.HAL_InitTick      stm32f1xx_hal.o
    0x0800067e   0x0800067e   0x00000002   PAD
    0x08000680   0x08000680   0x0000005c   Code   RO         6278    i.HAL_MspInit       stm32f1xx_hal_msp.o
    0x080006dc   0x080006dc   0x00000016   Code   RO         1074    i.HAL_NVIC_ClearPendingIRQ  stm32f1xx_hal_cortex.o
    0x080006f2   0x080006f2   0x00000002   PAD
    0x080006f4   0x080006f4   0x00000064   Code   RO         1076    i.HAL_NVIC_EnableIRQ  stm32f1xx_hal_cortex.o
    0x08000758   0x08000758   0x000000a0   Code   RO         1082    i.HAL_NVIC_SetPriority  stm32f1xx_hal_cortex.o
    0x080007f8   0x080007f8   0x00000080   Code   RO         1083    i.HAL_NVIC_SetPriorityGrouping  stm32f1xx_hal_cortex.o
    0x08000878   0x08000878   0x00000408   Code   RO         1616    i.HAL_RCC_ClockConfig  stm32f1xx_hal_rcc.o
    0x08000c80   0x08000c80   0x00000034   Code   RO         1621    i.HAL_RCC_GetHCLKFreq  stm32f1xx_hal_rcc.o
    0x08000cb4   0x08000cb4   0x0000002c   Code   RO         1623    i.HAL_RCC_GetPCLK1Freq  stm32f1xx_hal_rcc.o
    0x08000ce0   0x08000ce0   0x0000002c   Code   RO         1624    i.HAL_RCC_GetPCLK2Freq  stm32f1xx_hal_rcc.o
    0x08000d0c   0x08000d0c   0x00000090   Code   RO         1625    i.HAL_RCC_GetSysClockFreq  stm32f1xx_hal_rcc.o
    0x08000d9c   0x08000d9c   0x00000820   Code   RO         1628    i.HAL_RCC_OscConfig  stm32f1xx_hal_rcc.o
    0x080015bc   0x080015bc   0x0000006c   Code   RO         1085    i.HAL_SYSTICK_CLKSourceConfig  stm32f1xx_hal_cortex.o
    0x08001628   0x08001628   0x00000002   Code   RO         1086    i.HAL_SYSTICK_Callback  stm32f1xx_hal_cortex.o
    0x0800162a   0x0800162a   0x00000028   Code   RO         1087    i.HAL_SYSTICK_Config  stm32f1xx_hal_cortex.o
    0x08001652   0x08001652   0x00000008   Code   RO         1088    i.HAL_SYSTICK_IRQHandler  stm32f1xx_hal_cortex.o
    0x0800165a   0x0800165a   0x00000002   Code   RO         1316    i.HAL_TIMEx_BreakCallback  stm32f1xx_hal_tim_ex.o
    0x0800165c   0x0800165c   0x00000002   Code   RO         1317    i.HAL_TIMEx_CommutationCallback  stm32f1xx_hal_tim_ex.o
    0x0800165e   0x0800165e   0x00000002   PAD
    0x08001660   0x08001660   0x00000124   Code   RO         1333    i.HAL_TIMEx_MasterConfigSynchronization  stm32f1xx_hal_tim_ex.o
    0x08001784   0x08001784   0x000000fc   Code   RO          220    i.HAL_TIM_Base_Init  stm32f1xx_hal_tim.o
    0x08001880   0x08001880   0x00000038   Code   RO         6461    i.HAL_TIM_Base_MspInit  bsp_generaltim.o
    0x080018b8   0x080018b8   0x000000ac   Code   RO          225    i.HAL_TIM_Base_Start_IT  stm32f1xx_hal_tim.o
    0x08001964   0x08001964   0x000000c0   Code   RO          228    i.HAL_TIM_Base_Stop_IT  stm32f1xx_hal_tim.o
    0x08001a24   0x08001a24   0x00000440   Code   RO          229    i.HAL_TIM_ConfigClockSource  stm32f1xx_hal_tim.o
    0x08001e64   0x08001e64   0x00000002   Code   RO          249    i.HAL_TIM_IC_CaptureCallback  stm32f1xx_hal_tim.o
    0x08001e66   0x08001e66   0x0000016e   Code   RO          262    i.HAL_TIM_IRQHandler  stm32f1xx_hal_tim.o
    0x08001fd4   0x08001fd4   0x00000002   Code   RO          265    i.HAL_TIM_OC_DelayElapsedCallback  stm32f1xx_hal_tim.o
    0x08001fd6   0x08001fd6   0x00000002   Code   RO          292    i.HAL_TIM_PWM_PulseFinishedCallback  stm32f1xx_hal_tim.o
    0x08001fd8   0x08001fd8   0x00000004   Code   RO         6629    i.HAL_TIM_PeriodElapsedCallback  porttimer.o
    0x08001fdc   0x08001fdc   0x00000002   Code   RO          303    i.HAL_TIM_TriggerCallback  stm32f1xx_hal_tim.o
    0x08001fde   0x08001fde   0x00000002   Code   RO         5250    i.HAL_UART_ErrorCallback  stm32f1xx_hal_uart.o
    0x08001fe0   0x08001fe0   0x000000be   Code   RO         5253    i.HAL_UART_IRQHandler  stm32f1xx_hal_uart.o
    0x0800209e   0x0800209e   0x00000002   PAD
    0x080020a0   0x080020a0   0x0000013c   Code   RO         5254    i.HAL_UART_Init     stm32f1xx_hal_uart.o
    0x080021dc   0x080021dc   0x00000058   Code   RO         6406    i.HAL_UART_MspInit  bsp_debug_usart.o
    0x08002234   0x08002234   0x000000e0   Code   RO         5257    i.HAL_UART_Receive  stm32f1xx_hal_uart.o
    0x08002314   0x08002314   0x00000002   Code   RO         5260    i.HAL_UART_RxCpltCallback  stm32f1xx_hal_uart.o
    0x08002316   0x08002316   0x000000d8   Code   RO         5262    i.HAL_UART_Transmit  stm32f1xx_hal_uart.o
    0x080023ee   0x080023ee   0x00000002   Code   RO         5265    i.HAL_UART_TxCpltCallback  stm32f1xx_hal_uart.o
    0x080023f0   0x080023f0   0x00000002   Code   RO         6304    i.HardFault_Handler  stm32f1xx_it.o
    0x080023f2   0x080023f2   0x00000002   PAD
    0x080023f4   0x080023f4   0x00000044   Code   RO         6407    i.MX_DEBUG_USART_Init  bsp_debug_usart.o
    0x08002438   0x08002438   0x00000002   Code   RO         6305    i.MemManage_Handler  stm32f1xx_it.o
    0x0800243a   0x0800243a   0x00000002   Code   RO         6306    i.NMI_Handler       stm32f1xx_it.o
    0x0800243c   0x0800243c   0x00000020   Code   RO         1089    i.NVIC_SetPriority  stm32f1xx_hal_cortex.o
    0x0800245c   0x0800245c   0x00000094   Code   RO         6501    i.RS485_GPIO_Init   bsp_usartx_rs485.o
    0x080024f0   0x080024f0   0x00000050   Code   RO         6502    i.RS485_USARTx_Init  bsp_usartx_rs485.o
    0x08002540   0x08002540   0x0000000e   Code   RO         6307    i.SysTick_Handler   stm32f1xx_it.o
    0x0800254e   0x0800254e   0x0000005c   Code   RO         6195    i.SystemClock_Config  main.o
    0x080025aa   0x080025aa   0x00000002   PAD
    0x080025ac   0x080025ac   0x00000048   Code   RO           14    i.SystemInit        system_stm32f1xx.o
    0x080025f4   0x080025f4   0x00000018   Code   RO         6308    i.TIM2_IRQHandler   stm32f1xx_it.o
    0x0800260c   0x0800260c   0x00000088   Code   RO          304    i.TIM_Base_SetConfig  stm32f1xx_hal_tim.o
    0x08002694   0x08002694   0x00000014   Code   RO          311    i.TIM_ETR_SetConfig  stm32f1xx_hal_tim.o
    0x080026a8   0x080026a8   0x00000010   Code   RO          312    i.TIM_ITRx_SetConfig  stm32f1xx_hal_tim.o
    0x080026b8   0x080026b8   0x00000022   Code   RO          318    i.TIM_TI1_ConfigInputStage  stm32f1xx_hal_tim.o
    0x080026da   0x080026da   0x00000024   Code   RO          320    i.TIM_TI2_ConfigInputStage  stm32f1xx_hal_tim.o
    0x080026fe   0x080026fe   0x0000002a   Code   RO         5272    i.UART_EndTransmit_IT  stm32f1xx_hal_uart.o
    0x08002728   0x08002728   0x000000b0   Code   RO         5273    i.UART_Receive_IT   stm32f1xx_hal_uart.o
    0x080027d8   0x080027d8   0x000001a0   Code   RO         5274    i.UART_SetConfig    stm32f1xx_hal_uart.o
    0x08002978   0x08002978   0x0000006a   Code   RO         5275    i.UART_Transmit_IT  stm32f1xx_hal_uart.o
    0x080029e2   0x080029e2   0x000000c6   Code   RO         5276    i.UART_WaitOnFlagUntilTimeout  stm32f1xx_hal_uart.o
    0x08002aa8   0x08002aa8   0x00000030   Code   RO         6309    i.USART3_IRQHandler  stm32f1xx_it.o
    0x08002ad8   0x08002ad8   0x00000002   Code   RO         6310    i.UsageFault_Handler  stm32f1xx_it.o
    0x08002ada   0x08002ada   0x00000002   PAD
    0x08002adc   0x08002adc   0x00000020   Code   RO         7266    i.__0printf$3       mc_w.l(printf3.o)
    0x08002afc   0x08002afc   0x0000000e   Code   RO         7478    i.__scatterload_copy  mc_w.l(handlers.o)
    0x08002b0a   0x08002b0a   0x00000002   Code   RO         7479    i.__scatterload_null  mc_w.l(handlers.o)
    0x08002b0c   0x08002b0c   0x0000000e   Code   RO         7480    i.__scatterload_zeroinit  mc_w.l(handlers.o)
    0x08002b1a   0x08002b1a   0x00000002   PAD
    0x08002b1c   0x08002b1c   0x000001b8   Code   RO         7273    i._printf_core      mc_w.l(printf3.o)
    0x08002cd4   0x08002cd4   0x0000003c   Code   RO         6381    i.assert_failed     stm32f1xx_assert.o
    0x08002d10   0x08002d10   0x00000044   Code   RO         6677    i.eMBASCIIInit      mbascii.o
    0x08002d54   0x08002d54   0x00000080   Code   RO         6678    i.eMBASCIIReceive   mbascii.o
    0x08002dd4   0x08002dd4   0x00000058   Code   RO         6679    i.eMBASCIISend      mbascii.o
    0x08002e2c   0x08002e2c   0x00000024   Code   RO         6680    i.eMBASCIIStart     mbascii.o
    0x08002e50   0x08002e50   0x0000001c   Code   RO         6681    i.eMBASCIIStop      mbascii.o
    0x08002e6c   0x08002e6c   0x00000020   Code   RO         7106    i.eMBEnable         mb.o
    0x08002e8c   0x08002e8c   0x0000007c   Code   RO         6789    i.eMBFuncReadCoils  mbfunccoils.o
    0x08002f08   0x08002f08   0x00000078   Code   RO         6825    i.eMBFuncReadDiscreteInputs  mbfuncdisc.o
    0x08002f80   0x08002f80   0x00000060   Code   RO         6849    i.eMBFuncReadHoldingRegister  mbfuncholding.o
    0x08002fe0   0x08002fe0   0x00000060   Code   RO         6891    i.eMBFuncReadInputRegister  mbfuncinput.o
    0x08003040   0x08003040   0x0000009c   Code   RO         6850    i.eMBFuncReadWriteMultipleHoldingRegister  mbfuncholding.o
    0x080030dc   0x080030dc   0x00000024   Code   RO         6915    i.eMBFuncReportSlaveID  mbfuncother.o
    0x08003100   0x08003100   0x0000005a   Code   RO         6790    i.eMBFuncWriteCoil  mbfunccoils.o
    0x0800315a   0x0800315a   0x00000032   Code   RO         6851    i.eMBFuncWriteHoldingRegister  mbfuncholding.o
    0x0800318c   0x0800318c   0x00000066   Code   RO         6791    i.eMBFuncWriteMultipleCoils  mbfunccoils.o
    0x080031f2   0x080031f2   0x00000052   Code   RO         6852    i.eMBFuncWriteMultipleHoldingRegister  mbfuncholding.o
    0x08003244   0x08003244   0x000000d0   Code   RO         7107    i.eMBInit           mb.o
    0x08003314   0x08003314   0x000000ac   Code   RO         7108    i.eMBPoll           mb.o
    0x080033c0   0x080033c0   0x0000004c   Code   RO         7010    i.eMBRTUInit        mbrtu.o
    0x0800340c   0x0800340c   0x00000084   Code   RO         7011    i.eMBRTUReceive     mbrtu.o
    0x08003490   0x08003490   0x00000064   Code   RO         7012    i.eMBRTUSend        mbrtu.o
    0x080034f4   0x080034f4   0x00000024   Code   RO         7013    i.eMBRTUStart       mbrtu.o
    0x08003518   0x08003518   0x0000001c   Code   RO         7014    i.eMBRTUStop        mbrtu.o
    0x08003534   0x08003534   0x0000001c   Code   RO         6196    i.eMBRegCoilsCB     main.o
    0x08003550   0x08003550   0x00000020   Code   RO         6197    i.eMBRegDiscreteCB  main.o
    0x08003570   0x08003570   0x00000020   Code   RO         6198    i.eMBRegHoldingCB   main.o
    0x08003590   0x08003590   0x0000006c   Code   RO         6199    i.eMBRegInputCB     main.o
    0x080035fc   0x080035fc   0x00000018   Code   RO         6409    i.fputc             bsp_debug_usart.o
    0x08003614   0x08003614   0x0000004c   Code   RO         6200    i.main              main.o
    0x08003660   0x08003660   0x0000001c   Code   RO         6948    i.prveMBError2Exception  mbutils.o
    0x0800367c   0x0800367c   0x00000050   Code   RO         6682    i.prvucMBBIN2CHAR   mbascii.o
    0x080036cc   0x080036cc   0x0000001e   Code   RO         6683    i.prvucMBCHAR2BIN   mbascii.o
    0x080036ea   0x080036ea   0x00000018   Code   RO         6684    i.prvucMBLRC        mbascii.o
    0x08003702   0x08003702   0x00000002   PAD
    0x08003704   0x08003704   0x0000000c   Code   RO         6630    i.prvvTIMERExpiredISR  porttimer.o
    0x08003710   0x08003710   0x0000000c   Code   RO         6575    i.prvvUARTRxISR     portserial.o
    0x0800371c   0x0800371c   0x0000000c   Code   RO         6576    i.prvvUARTTxReadyISR  portserial.o
    0x08003728   0x08003728   0x0000002c   Code   RO         6984    i.usMBCRC16         mbcrc.o
    0x08003754   0x08003754   0x00000058   Code   RO         6577    i.vMBPortSerialEnable  portserial.o
    0x080037ac   0x080037ac   0x0000001c   Code   RO         6665    i.vMBPortTimersDisable  porttimer.o
    0x080037c8   0x080037c8   0x0000001c   Code   RO         6659    i.vMBPortTimersEnable  porttimer.o
    0x080037e4   0x080037e4   0x000000f8   Code   RO         6685    i.xMBASCIIReceiveFSM  mbascii.o
    0x080038dc   0x080038dc   0x00000060   Code   RO         6686    i.xMBASCIITimerT1SExpired  mbascii.o
    0x0800393c   0x0800393c   0x000000e0   Code   RO         6687    i.xMBASCIITransmitFSM  mbascii.o
    0x08003a1c   0x08003a1c   0x0000001c   Code   RO         6537    i.xMBPortEventGet   portevent.o
    0x08003a38   0x08003a38   0x00000010   Code   RO         6538    i.xMBPortEventInit  portevent.o
    0x08003a48   0x08003a48   0x00000010   Code   RO         6539    i.xMBPortEventPost  portevent.o
    0x08003a58   0x08003a58   0x0000002c   Code   RO         6578    i.xMBPortSerialGetByte  portserial.o
    0x08003a84   0x08003a84   0x00000004   Code   RO         6579    i.xMBPortSerialInit  portserial.o
    0x08003a88   0x08003a88   0x0000002c   Code   RO         6580    i.xMBPortSerialPutByte  portserial.o
    0x08003ab4   0x08003ab4   0x0000000a   Code   RO         6631    i.xMBPortTimersInit  porttimer.o
    0x08003abe   0x08003abe   0x00000002   PAD
    0x08003ac0   0x08003ac0   0x000000a0   Code   RO         7015    i.xMBRTUReceiveFSM  mbrtu.o
    0x08003b60   0x08003b60   0x00000078   Code   RO         7016    i.xMBRTUTimerT35Expired  mbrtu.o
    0x08003bd8   0x08003bd8   0x00000084   Code   RO         7017    i.xMBRTUTransmitFSM  mbrtu.o
    0x08003c5c   0x08003c5c   0x00000010   Data   RO         1629    .constdata          stm32f1xx_hal_rcc.o
    0x08003c6c   0x08003c6c   0x00000200   Data   RO         6985    .constdata          mbcrc.o
    0x08003e6c   0x08003e6c   0x00000020   Data   RO         7476    Region$$Table       anon$$obj.o


    Execution Region RW_IRAM1 (Exec base: 0x20000000, Load base: 0x08003e8c, Size: 0x000012c0, Max: 0x00010000, ABSOLUTE)

    Exec Addr    Load Addr    Size         Type   Attr      Idx    E Section Name        Object

    0x20000000   0x08003e8c   0x00000004   Data   RW           16    .data               system_stm32f1xx.o
    0x20000004   0x08003e90   0x00000004   Data   RW          959    .data               stm32f1xx_hal.o
    0x20000008   0x08003e94   0x0000000a   Data   RW         6201    .data               main.o
    0x20000012   0x08003e9e   0x00000002   Data   RW         6540    .data               portevent.o
    0x20000014   0x08003ea0   0x00000010   Data   RW         6688    .data               mbascii.o
    0x20000024   0x08003eb0   0x00000002   Data   RW         6918    .data               mbfuncother.o
    0x20000026   0x08003eb2   0x00000002   PAD
    0x20000028   0x08003eb4   0x0000000c   Data   RW         7019    .data               mbrtu.o
    0x20000034   0x08003ec0   0x000000ac   Data   RW         7110    .data               mb.o
    0x200000e0   0x08003f6c   0x00000004   Data   RW         7452    .data               mc_w.l(stdout.o)
    0x200000e4        -       0x00000040   Zero   RW         6410    .bss                bsp_debug_usart.o
    0x20000124        -       0x0000003c   Zero   RW         6462    .bss                bsp_generaltim.o
    0x20000160        -       0x00000040   Zero   RW         6503    .bss                bsp_usartx_rs485.o
    0x200001a0        -       0x00000020   Zero   RW         6917    .bss                mbfuncother.o
    0x200001c0        -       0x00000100   Zero   RW         7018    .bss                mbrtu.o
    0x200002c0        -       0x00001000   Zero   RW            1    STACK               startup_stm32f103xe.o


==============================================================================

Image component sizes


      Code (inc. data)   RO Data    RW Data    ZI Data      Debug   Object Name

       180         30          0          0         64       2640   bsp_debug_usart.o
       124         12          0          0         60       2071   bsp_generaltim.o
       228         20          0          0         64       2070   bsp_usartx_rs485.o
       368        104          0         10          0       8482   main.o
       412         72          0        172          0       4740   mb.o
      1050        240          0         16          0      13927   mbascii.o
        44          6        512          0          0       1456   mbcrc.o
       316          0          0          0          0       4374   mbfunccoils.o
       120          0          0          0          0       1876   mbfuncdisc.o
       384          0          0          0          0       5943   mbfuncholding.o
        96          0          0          0          0       1847   mbfuncinput.o
        36         10          0          2         32       1607   mbfuncother.o
       784        188          0         12        256       7919   mbrtu.o
        28          0          0          0          0        748   mbutils.o
        60         14          0          2          0       2460   portevent.o
       204         40          0          0          0       4241   portserial.o
        82         16          0          0          0       3303   porttimer.o
        36          8        304          0       4096        868   startup_stm32f103xe.o
        60         50          0          0          0       1008   stm32f1xx_assert.o
       120         16          0          4          0       4090   stm32f1xx_hal.o
       600        258          0          0          0      29044   stm32f1xx_hal_cortex.o
       992        188          0          0          0       3484   stm32f1xx_hal_gpio.o
        92          6          0          0          0        978   stm32f1xx_hal_msp.o
      3396        194         16          0          0       7912   stm32f1xx_hal_rcc.o
      2320        362          0          0          0      11662   stm32f1xx_hal_tim.o
       296         90          0          0          0       2662   stm32f1xx_hal_tim_ex.o
      1890        148          0          0          0      10654   stm32f1xx_hal_uart.o
        98         10          0          0          0       4589   stm32f1xx_it.o
        72         16          0          4          0     287321   system_stm32f1xx.o

    ----------------------------------------------------------------------
     14508       2098        864        224       4572     433976   Object Totals
         0          0         32          0          0          0   (incl. Generated)
        20          0          0          2          0          0   (incl. Padding)

    ----------------------------------------------------------------------

      Code (inc. data)   RO Data    RW Data    ZI Data      Debug   Library Member Name

         0          0          0          0          0          0   entry.o
         0          0          0          0          0          0   entry10a.o
         0          0          0          0          0          0   entry11a.o
         8          4          0          0          0          0   entry2.o
         4          0          0          0          0          0   entry5.o
         0          0          0          0          0          0   entry7b.o
         0          0          0          0          0          0   entry8b.o
         8          4          0          0          0          0   entry9a.o
        30          0          0          0          0          0   handlers.o
        36          8          0          0          0         68   init.o
        36          0          0          0          0         68   memcpya.o
       472         14          0          0          0        184   printf3.o
         0          0          0          4          0          0   stdout.o
        44          0          0          0          0         80   uidiv.o

    ----------------------------------------------------------------------
       640         30          0          4          0        400   Library Totals
         2          0          0          0          0          0   (incl. Padding)

    ----------------------------------------------------------------------

      Code (inc. data)   RO Data    RW Data    ZI Data      Debug   Library Name

       638         30          0          4          0        400   mc_w.l

    ----------------------------------------------------------------------
       640         30          0          4          0        400   Library Totals

    ----------------------------------------------------------------------

==============================================================================


      Code (inc. data)   RO Data    RW Data    ZI Data      Debug   

     15148       2128        864        228       4572     428184   Grand Totals
     15148       2128        864        228       4572     428184   ELF Image Totals
     15148       2128        864        228          0          0   ROM Totals

==============================================================================

    Total RO  Size (Code + RO Data)                16012 (  15.64kB)
    Total RW  Size (RW Data + ZI Data)              4800 (   4.69kB)
    Total ROM Size (Code + RO Data + RW Data)      16240 (  15.86kB)

==============================================================================

